Archive member included to satisfy reference by file (symbol)

/home/user/st/stm32cubeide_1.5.0/plugins/com.st.stm32cube.ide.mcu.externaltools.gnu-tools-for-stm32.9-2020-q2-update.linux64_2.0.0.202105311346/tools/bin/../lib/gcc/arm-none-eabi/9.3.1/../../../../arm-none-eabi/lib/thumb/v7e-m+fp/hard/libc_nano.a(lib_a-errno.o)
                              ./Core/Src/syscalls.o (__errno)
/home/user/st/stm32cubeide_1.5.0/plugins/com.st.stm32cube.ide.mcu.externaltools.gnu-tools-for-stm32.9-2020-q2-update.linux64_2.0.0.202105311346/tools/bin/../lib/gcc/arm-none-eabi/9.3.1/../../../../arm-none-eabi/lib/thumb/v7e-m+fp/hard/libc_nano.a(lib_a-exit.o)
                              /home/user/st/stm32cubeide_1.5.0/plugins/com.st.stm32cube.ide.mcu.externaltools.gnu-tools-for-stm32.9-2020-q2-update.linux64_2.0.0.202105311346/tools/bin/../lib/gcc/arm-none-eabi/9.3.1/../../../../arm-none-eabi/lib/thumb/v7e-m+fp/hard/crt0.o (exit)
/home/user/st/stm32cubeide_1.5.0/plugins/com.st.stm32cube.ide.mcu.externaltools.gnu-tools-for-stm32.9-2020-q2-update.linux64_2.0.0.202105311346/tools/bin/../lib/gcc/arm-none-eabi/9.3.1/../../../../arm-none-eabi/lib/thumb/v7e-m+fp/hard/libc_nano.a(lib_a-impure.o)
                              /home/user/st/stm32cubeide_1.5.0/plugins/com.st.stm32cube.ide.mcu.externaltools.gnu-tools-for-stm32.9-2020-q2-update.linux64_2.0.0.202105311346/tools/bin/../lib/gcc/arm-none-eabi/9.3.1/../../../../arm-none-eabi/lib/thumb/v7e-m+fp/hard/libc_nano.a(lib_a-exit.o) (_global_impure_ptr)
/home/user/st/stm32cubeide_1.5.0/plugins/com.st.stm32cube.ide.mcu.externaltools.gnu-tools-for-stm32.9-2020-q2-update.linux64_2.0.0.202105311346/tools/bin/../lib/gcc/arm-none-eabi/9.3.1/../../../../arm-none-eabi/lib/thumb/v7e-m+fp/hard/libc_nano.a(lib_a-init.o)
                              /home/user/st/stm32cubeide_1.5.0/plugins/com.st.stm32cube.ide.mcu.externaltools.gnu-tools-for-stm32.9-2020-q2-update.linux64_2.0.0.202105311346/tools/bin/../lib/gcc/arm-none-eabi/9.3.1/../../../../arm-none-eabi/lib/thumb/v7e-m+fp/hard/crt0.o (__libc_init_array)
/home/user/st/stm32cubeide_1.5.0/plugins/com.st.stm32cube.ide.mcu.externaltools.gnu-tools-for-stm32.9-2020-q2-update.linux64_2.0.0.202105311346/tools/bin/../lib/gcc/arm-none-eabi/9.3.1/../../../../arm-none-eabi/lib/thumb/v7e-m+fp/hard/libc_nano.a(lib_a-malloc.o)
                              ./Core/Src/File_Handling.o (malloc)
/home/user/st/stm32cubeide_1.5.0/plugins/com.st.stm32cube.ide.mcu.externaltools.gnu-tools-for-stm32.9-2020-q2-update.linux64_2.0.0.202105311346/tools/bin/../lib/gcc/arm-none-eabi/9.3.1/../../../../arm-none-eabi/lib/thumb/v7e-m+fp/hard/libc_nano.a(lib_a-memcpy-stub.o)
                              ./Middlewares/ST/STM32_USB_Host_Library/Class/MSC/Src/usbh_msc.o (memcpy)
/home/user/st/stm32cubeide_1.5.0/plugins/com.st.stm32cube.ide.mcu.externaltools.gnu-tools-for-stm32.9-2020-q2-update.linux64_2.0.0.202105311346/tools/bin/../lib/gcc/arm-none-eabi/9.3.1/../../../../arm-none-eabi/lib/thumb/v7e-m+fp/hard/libc_nano.a(lib_a-memset.o)
                              /home/user/st/stm32cubeide_1.5.0/plugins/com.st.stm32cube.ide.mcu.externaltools.gnu-tools-for-stm32.9-2020-q2-update.linux64_2.0.0.202105311346/tools/bin/../lib/gcc/arm-none-eabi/9.3.1/../../../../arm-none-eabi/lib/thumb/v7e-m+fp/hard/crt0.o (memset)
/home/user/st/stm32cubeide_1.5.0/plugins/com.st.stm32cube.ide.mcu.externaltools.gnu-tools-for-stm32.9-2020-q2-update.linux64_2.0.0.202105311346/tools/bin/../lib/gcc/arm-none-eabi/9.3.1/../../../../arm-none-eabi/lib/thumb/v7e-m+fp/hard/libc_nano.a(lib_a-nano-freer.o)
                              /home/user/st/stm32cubeide_1.5.0/plugins/com.st.stm32cube.ide.mcu.externaltools.gnu-tools-for-stm32.9-2020-q2-update.linux64_2.0.0.202105311346/tools/bin/../lib/gcc/arm-none-eabi/9.3.1/../../../../arm-none-eabi/lib/thumb/v7e-m+fp/hard/libc_nano.a(lib_a-malloc.o) (_free_r)
/home/user/st/stm32cubeide_1.5.0/plugins/com.st.stm32cube.ide.mcu.externaltools.gnu-tools-for-stm32.9-2020-q2-update.linux64_2.0.0.202105311346/tools/bin/../lib/gcc/arm-none-eabi/9.3.1/../../../../arm-none-eabi/lib/thumb/v7e-m+fp/hard/libc_nano.a(lib_a-nano-mallocr.o)
                              /home/user/st/stm32cubeide_1.5.0/plugins/com.st.stm32cube.ide.mcu.externaltools.gnu-tools-for-stm32.9-2020-q2-update.linux64_2.0.0.202105311346/tools/bin/../lib/gcc/arm-none-eabi/9.3.1/../../../../arm-none-eabi/lib/thumb/v7e-m+fp/hard/libc_nano.a(lib_a-malloc.o) (_malloc_r)
/home/user/st/stm32cubeide_1.5.0/plugins/com.st.stm32cube.ide.mcu.externaltools.gnu-tools-for-stm32.9-2020-q2-update.linux64_2.0.0.202105311346/tools/bin/../lib/gcc/arm-none-eabi/9.3.1/../../../../arm-none-eabi/lib/thumb/v7e-m+fp/hard/libc_nano.a(lib_a-sbrkr.o)
[...]
Memory Configuration

Name             Origin             Length             Attributes
RAM              0x0000000020000000 0x0000000000018000 xrw
RAM2             0x0000000010000000 0x0000000000008000 xrw
FLASH            0x0000000008000000 0x0000000000100000 xr
*default*        0x0000000000000000 0xffffffffffffffff

Linker script and memory map

LOAD /home/user/st/stm32cubeide_1.5.0/plugins/com.st.stm32cube.ide.mcu.externaltools.gnu-tools-for-stm32.9-2020-q2-update.linux64_2.0.0.202105311346/tools/bin/../lib/gcc/arm-none-eabi/9.3.1/thumb/v7e-m+fp/hard/crti.o
LOAD /home/user/st/stm32cubeide_1.5.0/plugins/com.st.stm32cube.ide.mcu.externaltools.gnu-tools-for-stm32.9-2020-q2-update.linux64_2.0.0.202105311346/tools/bin/../lib/gcc/arm-none-eabi/9.3.1/thumb/v7e-m+fp/hard/crtbegin.o
LOAD /home/user/st/stm32cubeide_1.5.0/plugins/com.st.stm32cube.ide.mcu.externaltools.gnu-tools-for-stm32.9-2020-q2-update.linux64_2.0.0.202105311346/tools/bin/../lib/gcc/arm-none-eabi/9.3.1/../../../../arm-none-eabi/lib/thumb/v7e-m+fp/hard/crt0.o
LOAD ./Core/Src/File_Handling.o
LOAD ./Core/Src/main.o
LOAD ./Core/Src/stm32l4xx_hal_msp.o
LOAD ./Core/Src/stm32l4xx_hal_timebase_tim.o
LOAD ./Core/Src/stm32l4xx_it.o
LOAD ./Core/Src/syscalls.o
LOAD ./Core/Src/sysmem.o
LOAD ./Core/Src/system_stm32l4xx.o
LOAD ./Core/Startup/startup_stm32l476vgtx.o
LOAD ./Drivers/STM32L4xx_HAL_Driver/Src/stm32l4xx_hal.o
LOAD ./Drivers/STM32L4xx_HAL_Driver/Src/stm32l4xx_hal_cortex.o
LOAD ./Drivers/STM32L4xx_HAL_Driver/Src/stm32l4xx_hal_dma.o
LOAD ./Drivers/STM32L4xx_HAL_Driver/Src/stm32l4xx_hal_dma_ex.o
LOAD ./Drivers/STM32L4xx_HAL_Driver/Src/stm32l4xx_hal_exti.o
LOAD ./Drivers/STM32L4xx_HAL_Driver/Src/stm32l4xx_hal_flash.o
LOAD ./Drivers/STM32L4xx_HAL_Driver/Src/stm32l4xx_hal_flash_ex.o
LOAD ./Drivers/STM32L4xx_HAL_Driver/Src/stm32l4xx_hal_flash_ramfunc.o
LOAD ./Drivers/STM32L4xx_HAL_Driver/Src/stm32l4xx_hal_gpio.o
LOAD ./Drivers/STM32L4xx_HAL_Driver/Src/stm32l4xx_hal_hcd.o
LOAD ./Drivers/STM32L4xx_HAL_Driver/Src/stm32l4xx_hal_i2c.o
LOAD ./Drivers/STM32L4xx_HAL_Driver/Src/stm32l4xx_hal_i2c_ex.o
LOAD ./Drivers/STM32L4xx_HAL_Driver/Src/stm32l4xx_hal_pwr.o
LOAD ./Drivers/STM32L4xx_HAL_Driver/Src/stm32l4xx_hal_pwr_ex.o
LOAD ./Drivers/STM32L4xx_HAL_Driver/Src/stm32l4xx_hal_rcc.o
LOAD ./Drivers/STM32L4xx_HAL_Driver/Src/stm32l4xx_hal_rcc_ex.o
LOAD ./Drivers/STM32L4xx_HAL_Driver/Src/stm32l4xx_hal_tim.o
LOAD ./Drivers/STM32L4xx_HAL_Driver/Src/stm32l4xx_hal_tim_ex.o
LOAD ./Drivers/STM32L4xx_HAL_Driver/Src/stm32l4xx_hal_uart.o
LOAD ./Drivers/STM32L4xx_HAL_Driver/Src/stm32l4xx_hal_uart_ex.o
LOAD ./Drivers/STM32L4xx_HAL_Driver/Src/stm32l4xx_ll_usb.o
LOAD ./FATFS/App/fatfs.o
LOAD ./FATFS/Target/usbh_diskio.o
LOAD ./Middlewares/ST/STM32_USB_Host_Library/Class/MSC/Src/usbh_msc.o
LOAD ./Middlewares/ST/STM32_USB_Host_Library/Class/MSC/Src/usbh_msc_bot.o
LOAD ./Middlewares/ST/STM32_USB_Host_Library/Class/MSC/Src/usbh_msc_scsi.o
LOAD ./Middlewares/ST/STM32_USB_Host_Library/Core/Src/usbh_core.o
LOAD ./Middlewares/ST/STM32_USB_Host_Library/Core/Src/usbh_ctlreq.o
LOAD ./Middlewares/ST/STM32_USB_Host_Library/Core/Src/usbh_ioreq.o
LOAD ./Middlewares/ST/STM32_USB_Host_Library/Core/Src/usbh_pipes.o
LOAD ./Middlewares/Third_Party/FatFs/src/diskio.o
LOAD ./Middlewares/Third_Party/FatFs/src/ff.o
LOAD ./Middlewares/Third_Party/FatFs/src/ff_gen_drv.o
LOAD ./Middlewares/Third_Party/FatFs/src/option/syscall.o
LOAD ./USB_HOST/App/usb_host.o
LOAD ./USB_HOST/Target/usbh_conf.o
LOAD ./USB_HOST/Target/usbh_platform.o
START GROUP
LOAD /home/user/st/stm32cubeide_1.5.0/plugins/com.st.stm32cube.ide.mcu.externaltools.gnu-tools-for-stm32.9-2020-q2-update.linux64_2.0.0.202105311346/tools/bin/../lib/gcc/arm-none-eabi/9.3.1/../../../../arm-none-eabi/lib/thumb/v7e-m+fp/hard/libc_nano.a
LOAD /home/user/st/stm32cubeide_1.5.0/plugins/com.st.stm32cube.ide.mcu.externaltools.gnu-tools-for-stm32.9-2020-q2-update.linux64_2.0.0.202105311346/tools/bin/../lib/gcc/arm-none-eabi/9.3.1/../../../../arm-none-eabi/lib/thumb/v7e-m+fp/hard/libm.a
END GROUP
START GROUP
LOAD /home/user/st/stm32cubeide_1.5.0/plugins/com.st.stm32cube.ide.mcu.externaltools.gnu-tools-for-stm32.9-2020-q2-update.linux64_2.0.0.202105311346/tools/bin/../lib/gcc/arm-none-eabi/9.3.1/thumb/v7e-m+fp/hard/libgcc.a
LOAD /home/user/st/stm32cubeide_1.5.0/plugins/com.st.stm32cube.ide.mcu.externaltools.gnu-tools-for-stm32.9-2020-q2-update.linux64_2.0.0.202105311346/tools/bin/../lib/gcc/arm-none-eabi/9.3.1/../../../../arm-none-eabi/lib/thumb/v7e-m+fp/hard/libc_nano.a
END GROUP
START GROUP
LOAD /home/user/st/stm32cubeide_1.5.0/plugins/com.st.stm32cube.ide.mcu.externaltools.gnu-tools-for-stm32.9-2020-q2-update.linux64_2.0.0.202105311346/tools/bin/../lib/gcc/arm-none-eabi/9.3.1/thumb/v7e-m+fp/hard/libgcc.a
LOAD /home/user/st/stm32cubeide_1.5.0/plugins/com.st.stm32cube.ide.mcu.externaltools.gnu-tools-for-stm32.9-2020-q2-update.linux64_2.0.0.202105311346/tools/bin/../lib/gcc/arm-none-eabi/9.3.1/../../../../arm-none-eabi/lib/thumb/v7e-m+fp/hard/libc_nano.a
LOAD /home/user/st/stm32cubeide_1.5.0/plugins/com.st.stm32cube.ide.mcu.externaltools.gnu-tools-for-stm32.9-2020-q2-update.linux64_2.0.0.202105311346/tools/bin/../lib/gcc/arm-none-eabi/9.3.1/../../../../arm-none-eabi/lib/thumb/v7e-m+fp/hard/libnosys.a
END GROUP
START GROUP
LOAD /home/user/st/stm32cubeide_1.5.0/plugins/com.st.stm32cube.ide.mcu.externaltools.gnu-tools-for-stm32.9-2020-q2-update.linux64_2.0.0.202105311346/tools/bin/../lib/gcc/arm-none-eabi/9.3.1/thumb/v7e-m+fp/hard/libgcc.a
LOAD /home/user/st/stm32cubeide_1.5.0/plugins/com.st.stm32cube.ide.mcu.externaltools.gnu-tools-for-stm32.9-2020-q2-update.linux64_2.0.0.202105311346/tools/bin/../lib/gcc/arm-none-eabi/9.3.1/../../../../arm-none-eabi/lib/thumb/v7e-m+fp/hard/libc_nano.a
LOAD /home/user/st/stm32cubeide_1.5.0/plugins/com.st.stm32cube.ide.mcu.externaltools.gnu-tools-for-stm32.9-2020-q2-update.linux64_2.0.0.202105311346/tools/bin/../lib/gcc/arm-none-eabi/9.3.1/../../../../arm-none-eabi/lib/thumb/v7e-m+fp/hard/libnosys.a
END GROUP
LOAD /home/user/st/stm32cubeide_1.5.0/plugins/com.st.stm32cube.ide.mcu.externaltools.gnu-tools-for-stm32.9-2020-q2-update.linux64_2.0.0.202105311346/tools/bin/../lib/gcc/arm-none-eabi/9.3.1/thumb/v7e-m+fp/hard/crtend.o
LOAD /home/user/st/stm32cubeide_1.5.0/plugins/com.st.stm32cube.ide.mcu.externaltools.gnu-tools-for-stm32.9-2020-q2-update.linux64_2.0.0.202105311346/tools/bin/../lib/gcc/arm-none-eabi/9.3.1/thumb/v7e-m+fp/hard/crtn.o
                0x0000000020018000                _estack = (ORIGIN (RAM) + LENGTH (RAM))
                0x0000000000000200                _Min_Heap_Size = 0x200
                0x0000000000000400                _Min_Stack_Size = 0x400

.isr_vector     0x0000000008000000      0x188
                0x0000000008000000                . = ALIGN (0x4)
 *(.isr_vector)
 .isr_vector    0x0000000008000000      0x188 ./Core/Startup/startup_stm32l476vgtx.o
                0x0000000008000000                g_pfnVectors
                0x0000000008000188                . = ALIGN (0x4)

.text           0x0000000008000190     0xcf48
                0x0000000008000190                . = ALIGN (0x4)
 *(.text)
 .text          0x0000000008000190       0x40 /home/user/st/stm32cubeide_1.5.0/plugins/com.st.stm32cube.ide.mcu.externaltools.gnu-tools-for-stm32.9-2020-q2-update.linux64_2.0.0.202105311346/tools/bin/../lib/gcc/arm-none-eabi/9.3.1/thumb/v7e-m+fp/hard/crtbegin.o
 .text          0x00000000080001d0       0x10 /home/user/st/stm32cubeide_1.5.0/plugins/com.st.stm32cube.ide.mcu.externaltools.gnu-tools-for-stm32.9-2020-q2-update.linux64_2.0.0.202105311346/tools/bin/../lib/gcc/arm-none-eabi/9.3.1/../../../../arm-none-eabi/lib/thumb/v7e-m+fp/hard/libc_nano.a(lib_a-strlen.o)
                0x00000000080001d0                strlen
 .text          0x00000000080001e0       0xa0 /home/user/st/stm32cubeide_1.5.0/plugins/com.st.stm32cube.ide.mcu.externaltools.gnu-tools-for-stm32.9-2020-q2-update.linux64_2.0.0.202105311346/tools/bin/../lib/gcc/arm-none-eabi/9.3.1/../../../../arm-none-eabi/lib/thumb/v7e-m+fp/hard/libc_nano.a(lib_a-memchr.o)
                0x00000000080001e0                memchr
 .text          0x0000000008000280      0x254 /home/user/st/stm32cubeide_1.5.0/plugins/com.st.stm32cube.ide.mcu.externaltools.gnu-tools-for-stm32.9-2020-q2-update.linux64_2.0.0.202105311346/tools/bin/../lib/gcc/arm-none-eabi/9.3.1/thumb/v7e-m+fp/hard/libgcc.a(_arm_muldf3.o)
                0x0000000008000280                __aeabi_dmul
                0x0000000008000280                __muldf3
 .text          0x00000000080004d4      0x378 /home/user/st/stm32cubeide_1.5.0/plugins/com.st.stm32cube.ide.mcu.externaltools.gnu-tools-for-stm32.9-2020-q2-update.linux64_2.0.0.202105311346/tools/bin/../lib/gcc/arm-none-eabi/9.3.1/thumb/v7e-m+fp/hard/libgcc.a(_arm_addsubdf3.o)
                0x00000000080004d4                __aeabi_drsub
                0x00000000080004dc                __aeabi_dsub
                0x00000000080004dc                __subdf3
                0x00000000080004e0                __adddf3
                0x00000000080004e0                __aeabi_dadd
                0x0000000008000758                __aeabi_ui2d
                0x0000000008000758                __floatunsidf
                0x0000000008000778                __floatsidf
                0x0000000008000778                __aeabi_i2d
                0x000000000800079c                __extendsfdf2
                0x000000000800079c                __aeabi_f2d
                0x00000000080007e0                __aeabi_ul2d
                0x00000000080007e0                __floatundidf
                0x00000000080007f0                __floatdidf
                0x00000000080007f0                __aeabi_l2d
 .text          0x000000000800084c       0x40 /home/user/st/stm32cubeide_1.5.0/plugins/com.st.stm32cube.ide.mcu.externaltools.gnu-tools-for-stm32.9-2020-q2-update.linux64_2.0.0.202105311346/tools/bin/../lib/gcc/arm-none-eabi/9.3.1/thumb/v7e-m+fp/hard/libgcc.a(_arm_fixunsdfsi.o)
                0x000000000800084c                __fixunsdfsi
                0x000000000800084c                __aeabi_d2uiz
 .text          0x000000000800088c       0x30 /home/user/st/stm32cubeide_1.5.0/plugins/com.st.stm32cube.ide.mcu.externaltools.gnu-tools-for-stm32.9-2020-q2-update.linux64_2.0.0.202105311346/tools/bin/../lib/gcc/arm-none-eabi/9.3.1/thumb/v7e-m+fp/hard/libgcc.a(_aeabi_uldivmod.o)
                0x000000000800088c                __aeabi_uldivmod
 .text          0x00000000080008bc      0x2c4 /home/user/st/stm32cubeide_1.5.0/plugins/com.st.stm32cube.ide.mcu.externaltools.gnu-tools-for-stm32.9-2020-q2-update.linux64_2.0.0.202105311346/tools/bin/../lib/gcc/arm-none-eabi/9.3.1/thumb/v7e-m+fp/hard/libgcc.a(_udivmoddi4.o)
                0x00000000080008bc                __udivmoddi4
 .text          0x0000000008000b80        0x4 /home/user/st/stm32cubeide_1.5.0/plugins/com.st.stm32cube.ide.mcu.externaltools.gnu-tools-for-stm32.9-2020-q2-update.linux64_2.0.0.202105311346/tools/bin/../lib/gcc/arm-none-eabi/9.3.1/thumb/v7e-m+fp/hard/libgcc.a(_dvmd_tls.o)
                0x0000000008000b80                __aeabi_ldiv0
                0x0000000008000b80                __aeabi_idiv0
 *(.text*)
 .text.Send_Uart
                0x0000000008000b84       0x2c ./Core/Src/File_Handling.o
                0x0000000008000b84                Send_Uart
 .text.Mount_USB
                0x0000000008000bb0       0x44 ./Core/Src/File_Handling.o
                0x0000000008000bb0                Mount_USB
 .text.Unmount_USB
                0x0000000008000bf4       0x40 ./Core/Src/File_Handling.o
                0x0000000008000bf4                Unmount_USB
 .text.Write_File
                0x0000000008000c34      0x188 ./Core/Src/File_Handling.o
                0x0000000008000c34                Write_File
 .text.Create_File
                0x0000000008000dbc      0x138 ./Core/Src/File_Handling.o
                0x0000000008000dbc                Create_File
 .text.Update_File
                0x0000000008000ef4      0x1b0 ./Core/Src/File_Handling.o
                0x0000000008000ef4                Update_File
 .text.Create_Dir
                0x00000000080010a4       0x80 ./Core/Src/File_Handling.o
                0x00000000080010a4                Create_Dir
 .text.Check_USB_Details
                0x0000000008001124       0xe8 ./Core/Src/File_Handling.o
                0x0000000008001124                Check_USB_Details
 .text.main     0x000000000800120c       0x22 ./Core/Src/main.o
                0x000000000800120c                main
 .text.SystemClock_Config
                0x000000000800122e       0xa4 ./Core/Src/main.o
                0x000000000800122e                SystemClock_Config
 *fill*         0x00000000080012d2        0x2 
 .text.MX_USART2_UART_Init
                0x00000000080012d4       0x60 ./Core/Src/main.o
 .text.MX_GPIO_Init
                0x0000000008001334       0x98 ./Core/Src/main.o
 .text.HAL_TIM_PeriodElapsedCallback
                0x00000000080013cc       0x24 ./Core/Src/main.o
                0x00000000080013cc                HAL_TIM_PeriodElapsedCallback
 .text.Error_Handler
                0x00000000080013f0        0xa ./Core/Src/main.o
                0x00000000080013f0                Error_Handler
 *fill*         0x00000000080013fa        0x2 
 .text.HAL_MspInit
                0x00000000080013fc       0x48 ./Core/Src/stm32l4xx_hal_msp.o
                0x00000000080013fc                HAL_MspInit
 .text.HAL_UART_MspInit
                0x0000000008001444       0xbc ./Core/Src/stm32l4xx_hal_msp.o
                0x0000000008001444                HAL_UART_MspInit
 .text.HAL_InitTick
                0x0000000008001500       0xac ./Core/Src/stm32l4xx_hal_timebase_tim.o
                0x0000000008001500                HAL_InitTick
 .text.NMI_Handler
                0x00000000080015ac        0x6 ./Core/Src/stm32l4xx_it.o
                0x00000000080015ac                NMI_Handler
 .text.HardFault_Handler
                0x00000000080015b2        0x6 ./Core/Src/stm32l4xx_it.o
                0x00000000080015b2                HardFault_Handler
 .text.MemManage_Handler
                0x00000000080015b8        0x6 ./Core/Src/stm32l4xx_it.o
                0x00000000080015b8                MemManage_Handler
 .text.BusFault_Handler
                0x00000000080015be        0x6 ./Core/Src/stm32l4xx_it.o
                0x00000000080015be                BusFault_Handler
 .text.UsageFault_Handler
                0x00000000080015c4        0x6 ./Core/Src/stm32l4xx_it.o
                0x00000000080015c4                UsageFault_Handler
 .text.SVC_Handler
                0x00000000080015ca        0xe ./Core/Src/stm32l4xx_it.o
                0x00000000080015ca                SVC_Handler
 .text.DebugMon_Handler
                0x00000000080015d8        0xe ./Core/Src/stm32l4xx_it.o
                0x00000000080015d8                DebugMon_Handler
 .text.PendSV_Handler
                0x00000000080015e6        0xe ./Core/Src/stm32l4xx_it.o
                0x00000000080015e6                PendSV_Handler
 .text.SysTick_Handler
                0x00000000080015f4        0xe ./Core/Src/stm32l4xx_it.o
                0x00000000080015f4                SysTick_Handler
 *fill*         0x0000000008001602        0x2 
 .text.TIM1_UP_TIM16_IRQHandler
                0x0000000008001604       0x14 ./Core/Src/stm32l4xx_it.o
                0x0000000008001604                TIM1_UP_TIM16_IRQHandler
 .text.OTG_FS_IRQHandler
                0x0000000008001618       0x14 ./Core/Src/stm32l4xx_it.o
                0x0000000008001618                OTG_FS_IRQHandler
 .text._sbrk    0x000000000800162c       0x6c ./Core/Src/sysmem.o
                0x000000000800162c                _sbrk
 .text.SystemInit
                0x0000000008001698       0x24 ./Core/Src/system_stm32l4xx.o
                0x0000000008001698                SystemInit
 .text.Reset_Handler
                0x00000000080016bc       0x50 ./Core/Startup/startup_stm32l476vgtx.o
                0x00000000080016bc                Reset_Handler
 .text.Default_Handler
                0x000000000800170c        0x2 ./Core/Startup/startup_stm32l476vgtx.o
                0x000000000800170c                RTC_Alarm_IRQHandler
                0x000000000800170c                EXTI2_IRQHandler
                0x000000000800170c                TIM8_TRG_COM_IRQHandler
                0x000000000800170c                TIM8_CC_IRQHandler
                0x000000000800170c                TIM1_CC_IRQHandler
                0x000000000800170c                TSC_IRQHandler
                0x000000000800170c                TAMP_STAMP_IRQHandler
                0x000000000800170c                EXTI3_IRQHandler
                0x000000000800170c                LPTIM2_IRQHandler
                0x000000000800170c                DFSDM1_FLT1_IRQHandler
                0x000000000800170c                I2C3_ER_IRQHandler
                0x000000000800170c                DFSDM1_FLT2_IRQHandler
                0x000000000800170c                EXTI0_IRQHandler
                0x000000000800170c                I2C2_EV_IRQHandler
                0x000000000800170c                CAN1_RX0_IRQHandler
                0x000000000800170c                FPU_IRQHandler
                0x000000000800170c                ADC1_2_IRQHandler
                0x000000000800170c                SPI1_IRQHandler
                0x000000000800170c                TIM6_DAC_IRQHandler
                0x000000000800170c                TIM8_UP_IRQHandler
                0x000000000800170c                DMA2_Channel2_IRQHandler
                0x000000000800170c                DMA1_Channel4_IRQHandler
                0x000000000800170c                SAI2_IRQHandler
                0x000000000800170c                DFSDM1_FLT3_IRQHandler
                0x000000000800170c                USART3_IRQHandler
                0x000000000800170c                DMA1_Channel7_IRQHandler
                0x000000000800170c                CAN1_RX1_IRQHandler
                0x000000000800170c                LCD_IRQHandler
                0x000000000800170c                UART5_IRQHandler
                0x000000000800170c                ADC3_IRQHandler
                0x000000000800170c                TIM4_IRQHandler
                0x000000000800170c                DMA2_Channel1_IRQHandler
                0x000000000800170c                QUADSPI_IRQHandler
                0x000000000800170c                I2C1_EV_IRQHandler
                0x000000000800170c                DMA1_Channel6_IRQHandler
                0x000000000800170c                UART4_IRQHandler
                0x000000000800170c                DMA2_Channel4_IRQHandler
                0x000000000800170c                TIM3_IRQHandler
                0x000000000800170c                RCC_IRQHandler
                0x000000000800170c                DMA1_Channel1_IRQHandler
                0x000000000800170c                Default_Handler
                0x000000000800170c                DMA2_Channel7_IRQHandler
                0x000000000800170c                EXTI15_10_IRQHandler
                0x000000000800170c                TIM7_IRQHandler
                0x000000000800170c                SDMMC1_IRQHandler
                0x000000000800170c                TIM5_IRQHandler
                0x000000000800170c                I2C3_EV_IRQHandler
                0x000000000800170c                EXTI9_5_IRQHandler
                0x000000000800170c                RTC_WKUP_IRQHandler
                0x000000000800170c                PVD_PVM_IRQHandler
                0x000000000800170c                SPI2_IRQHandler
                0x000000000800170c                CAN1_TX_IRQHandler
                0x000000000800170c                DMA2_Channel5_IRQHandler
                0x000000000800170c                DMA1_Channel5_IRQHandler
                0x000000000800170c                EXTI4_IRQHandler
                0x000000000800170c                RNG_IRQHandler
                0x000000000800170c                TIM1_TRG_COM_TIM17_IRQHandler
                0x000000000800170c                DMA1_Channel3_IRQHandler
                0x000000000800170c                COMP_IRQHandler
                0x000000000800170c                WWDG_IRQHandler
                0x000000000800170c                LPUART1_IRQHandler
                0x000000000800170c                DMA2_Channel6_IRQHandler
                0x000000000800170c                TIM2_IRQHandler
                0x000000000800170c                EXTI1_IRQHandler
                0x000000000800170c                USART2_IRQHandler
                0x000000000800170c                DFSDM1_FLT0_IRQHandler
                0x000000000800170c                I2C2_ER_IRQHandler
                0x000000000800170c                DMA1_Channel2_IRQHandler
                0x000000000800170c                TIM8_BRK_IRQHandler
                0x000000000800170c                CAN1_SCE_IRQHandler
                0x000000000800170c                FLASH_IRQHandler
                0x000000000800170c                USART1_IRQHandler
                0x000000000800170c                SPI3_IRQHandler
                0x000000000800170c                I2C1_ER_IRQHandler
                0x000000000800170c                FMC_IRQHandler
                0x000000000800170c                SWPMI1_IRQHandler
                0x000000000800170c                LPTIM1_IRQHandler
                0x000000000800170c                SAI1_IRQHandler
                0x000000000800170c                DMA2_Channel3_IRQHandler
                0x000000000800170c                TIM1_BRK_TIM15_IRQHandler
 .text.HAL_Init
                0x000000000800170e       0x30 ./Drivers/STM32L4xx_HAL_Driver/Src/stm32l4xx_hal.o
                0x000000000800170e                HAL_Init
 *fill*         0x000000000800173e        0x2 
 .text.HAL_IncTick
                0x0000000008001740       0x28 ./Drivers/STM32L4xx_HAL_Driver/Src/stm32l4xx_hal.o
                0x0000000008001740                HAL_IncTick
 .text.HAL_GetTick
                0x0000000008001768       0x18 ./Drivers/STM32L4xx_HAL_Driver/Src/stm32l4xx_hal.o
                0x0000000008001768                HAL_GetTick
 .text.HAL_Delay
                0x0000000008001780       0x48 ./Drivers/STM32L4xx_HAL_Driver/Src/stm32l4xx_hal.o
                0x0000000008001780                HAL_Delay
 .text.__NVIC_SetPriorityGrouping
                0x00000000080017c8       0x48 ./Drivers/STM32L4xx_HAL_Driver/Src/stm32l4xx_hal_cortex.o
 .text.__NVIC_GetPriorityGrouping
                0x0000000008001810       0x1c ./Drivers/STM32L4xx_HAL_Driver/Src/stm32l4xx_hal_cortex.o
 .text.__NVIC_EnableIRQ
                0x000000000800182c       0x3c ./Drivers/STM32L4xx_HAL_Driver/Src/stm32l4xx_hal_cortex.o
 .text.__NVIC_SetPriority
                0x0000000008001868       0x54 ./Drivers/STM32L4xx_HAL_Driver/Src/stm32l4xx_hal_cortex.o
 .text.NVIC_EncodePriority
                0x00000000080018bc       0x66 ./Drivers/STM32L4xx_HAL_Driver/Src/stm32l4xx_hal_cortex.o
 .text.HAL_NVIC_SetPriorityGrouping
                0x0000000008001922       0x16 ./Drivers/STM32L4xx_HAL_Driver/Src/stm32l4xx_hal_cortex.o
                0x0000000008001922                HAL_NVIC_SetPriorityGrouping
 .text.HAL_NVIC_SetPriority
                0x0000000008001938       0x38 ./Drivers/STM32L4xx_HAL_Driver/Src/stm32l4xx_hal_cortex.o
                0x0000000008001938                HAL_NVIC_SetPriority
 .text.HAL_NVIC_EnableIRQ
                0x0000000008001970       0x1c ./Drivers/STM32L4xx_HAL_Driver/Src/stm32l4xx_hal_cortex.o
                0x0000000008001970                HAL_NVIC_EnableIRQ
 .text.HAL_GPIO_Init
                0x000000000800198c      0x354 ./Drivers/STM32L4xx_HAL_Driver/Src/stm32l4xx_hal_gpio.o
                0x000000000800198c                HAL_GPIO_Init
 .text.HAL_GPIO_WritePin
                0x0000000008001ce0       0x30 ./Drivers/STM32L4xx_HAL_Driver/Src/stm32l4xx_hal_gpio.o
                0x0000000008001ce0                HAL_GPIO_WritePin
 .text.HAL_HCD_Init
                0x0000000008001d10       0xc4 ./Drivers/STM32L4xx_HAL_Driver/Src/stm32l4xx_hal_hcd.o
                0x0000000008001d10                HAL_HCD_Init
 .text.HAL_HCD_HC_Init
                0x0000000008001dd4      0x11e ./Drivers/STM32L4xx_HAL_Driver/Src/stm32l4xx_hal_hcd.o
                0x0000000008001dd4                HAL_HCD_HC_Init
 .text.HAL_HCD_HC_Halt
                0x0000000008001ef2       0x46 ./Drivers/STM32L4xx_HAL_Driver/Src/stm32l4xx_hal_hcd.o
                0x0000000008001ef2                HAL_HCD_HC_Halt
 .text.HAL_HCD_HC_SubmitRequest
                0x0000000008001f38      0x2a4 ./Drivers/STM32L4xx_HAL_Driver/Src/stm32l4xx_hal_hcd.o
                0x0000000008001f38                HAL_HCD_HC_SubmitRequest
 .text.HAL_HCD_IRQHandler
                0x00000000080021dc      0x216 ./Drivers/STM32L4xx_HAL_Driver/Src/stm32l4xx_hal_hcd.o
                0x00000000080021dc                HAL_HCD_IRQHandler
 .text.HAL_HCD_Start
                0x00000000080023f2       0x46 ./Drivers/STM32L4xx_HAL_Driver/Src/stm32l4xx_hal_hcd.o
                0x00000000080023f2                HAL_HCD_Start
 .text.HAL_HCD_Stop
                0x0000000008002438       0x3a ./Drivers/STM32L4xx_HAL_Driver/Src/stm32l4xx_hal_hcd.o
                0x0000000008002438                HAL_HCD_Stop
 .text.HAL_HCD_ResetPort
                0x0000000008002472       0x1c ./Drivers/STM32L4xx_HAL_Driver/Src/stm32l4xx_hal_hcd.o
                0x0000000008002472                HAL_HCD_ResetPort
 .text.HAL_HCD_HC_GetURBState
                0x000000000800248e       0x28 ./Drivers/STM32L4xx_HAL_Driver/Src/stm32l4xx_hal_hcd.o
                0x000000000800248e                HAL_HCD_HC_GetURBState
 .text.HAL_HCD_HC_GetXferCount
                0x00000000080024b6       0x28 ./Drivers/STM32L4xx_HAL_Driver/Src/stm32l4xx_hal_hcd.o
                0x00000000080024b6                HAL_HCD_HC_GetXferCount
 .text.HAL_HCD_GetCurrentFrame
                0x00000000080024de       0x1c ./Drivers/STM32L4xx_HAL_Driver/Src/stm32l4xx_hal_hcd.o
                0x00000000080024de                HAL_HCD_GetCurrentFrame
 .text.HAL_HCD_GetCurrentSpeed
                0x00000000080024fa       0x1c ./Drivers/STM32L4xx_HAL_Driver/Src/stm32l4xx_hal_hcd.o
                0x00000000080024fa                HAL_HCD_GetCurrentSpeed
 .text.HCD_HC_IN_IRQHandler
                0x0000000008002516      0x6be ./Drivers/STM32L4xx_HAL_Driver/Src/stm32l4xx_hal_hcd.o
 .text.HCD_HC_OUT_IRQHandler
                0x0000000008002bd4      0x604 ./Drivers/STM32L4xx_HAL_Driver/Src/stm32l4xx_hal_hcd.o
 .text.HCD_RXQLVL_IRQHandler
                0x00000000080031d8      0x1a4 ./Drivers/STM32L4xx_HAL_Driver/Src/stm32l4xx_hal_hcd.o
 .text.HCD_Port_IRQHandler
                0x000000000800337c       0xe6 ./Drivers/STM32L4xx_HAL_Driver/Src/stm32l4xx_hal_hcd.o
 *fill*         0x0000000008003462        0x2 
 .text.HAL_PWREx_GetVoltageRange
                0x0000000008003464       0x1c ./Drivers/STM32L4xx_HAL_Driver/Src/stm32l4xx_hal_pwr_ex.o
                0x0000000008003464                HAL_PWREx_GetVoltageRange
 .text.HAL_PWREx_ControlVoltageScaling
                0x0000000008003480       0xac ./Drivers/STM32L4xx_HAL_Driver/Src/stm32l4xx_hal_pwr_ex.o
                0x0000000008003480                HAL_PWREx_ControlVoltageScaling
 .text.HAL_PWREx_EnableVddUSB
                0x000000000800352c       0x20 ./Drivers/STM32L4xx_HAL_Driver/Src/stm32l4xx_hal_pwr_ex.o
                0x000000000800352c                HAL_PWREx_EnableVddUSB
 .text.HAL_RCC_OscConfig
                0x000000000800354c      0x7cc ./Drivers/STM32L4xx_HAL_Driver/Src/stm32l4xx_hal_rcc.o
                0x000000000800354c                HAL_RCC_OscConfig
 .text.HAL_RCC_ClockConfig
                0x0000000008003d18      0x1c4 ./Drivers/STM32L4xx_HAL_Driver/Src/stm32l4xx_hal_rcc.o
                0x0000000008003d18                HAL_RCC_ClockConfig
 .text.HAL_RCC_GetSysClockFreq
                0x0000000008003edc      0x118 ./Drivers/STM32L4xx_HAL_Driver/Src/stm32l4xx_hal_rcc.o
                0x0000000008003edc                HAL_RCC_GetSysClockFreq
 .text.HAL_RCC_GetHCLKFreq
                0x0000000008003ff4       0x18 ./Drivers/STM32L4xx_HAL_Driver/Src/stm32l4xx_hal_rcc.o
                0x0000000008003ff4                HAL_RCC_GetHCLKFreq
 .text.HAL_RCC_GetPCLK1Freq
                0x000000000800400c       0x2c ./Drivers/STM32L4xx_HAL_Driver/Src/stm32l4xx_hal_rcc.o
                0x000000000800400c                HAL_RCC_GetPCLK1Freq
 .text.HAL_RCC_GetPCLK2Freq
                0x0000000008004038       0x2c ./Drivers/STM32L4xx_HAL_Driver/Src/stm32l4xx_hal_rcc.o
                0x0000000008004038                HAL_RCC_GetPCLK2Freq
 .text.HAL_RCC_GetClockConfig
                0x0000000008004064       0x64 ./Drivers/STM32L4xx_HAL_Driver/Src/stm32l4xx_hal_rcc.o
                0x0000000008004064                HAL_RCC_GetClockConfig
 .text.RCC_SetFlashLatencyFromMSIRange
                0x00000000080040c8       0xc0 ./Drivers/STM32L4xx_HAL_Driver/Src/stm32l4xx_hal_rcc.o
 .text.HAL_RCCEx_PeriphCLKConfig
                0x0000000008004188      0x5d4 ./Drivers/STM32L4xx_HAL_Driver/Src/stm32l4xx_hal_rcc_ex.o
                0x0000000008004188                HAL_RCCEx_PeriphCLKConfig
 .text.RCCEx_PLLSAI1_Config
                0x000000000800475c      0x1e8 ./Drivers/STM32L4xx_HAL_Driver/Src/stm32l4xx_hal_rcc_ex.o
 .text.RCCEx_PLLSAI2_Config
                0x0000000008004944      0x1bc ./Drivers/STM32L4xx_HAL_Driver/Src/stm32l4xx_hal_rcc_ex.o
 .text.HAL_TIM_Base_Init
                0x0000000008004b00       0xae ./Drivers/STM32L4xx_HAL_Driver/Src/stm32l4xx_hal_tim.o
                0x0000000008004b00                HAL_TIM_Base_Init
 .text.HAL_TIM_Base_MspInit
                0x0000000008004bae       0x14 ./Drivers/STM32L4xx_HAL_Driver/Src/stm32l4xx_hal_tim.o
                0x0000000008004bae                HAL_TIM_Base_MspInit
 *fill*         0x0000000008004bc2        0x2 
 .text.HAL_TIM_Base_Start_IT
                0x0000000008004bc4       0xe0 ./Drivers/STM32L4xx_HAL_Driver/Src/stm32l4xx_hal_tim.o
                0x0000000008004bc4                HAL_TIM_Base_Start_IT
 .text.HAL_TIM_IRQHandler
                0x0000000008004ca4      0x23e ./Drivers/STM32L4xx_HAL_Driver/Src/stm32l4xx_hal_tim.o
                0x0000000008004ca4                HAL_TIM_IRQHandler
 .text.HAL_TIM_OC_DelayElapsedCallback
                0x0000000008004ee2       0x14 ./Drivers/STM32L4xx_HAL_Driver/Src/stm32l4xx_hal_tim.o
                0x0000000008004ee2                HAL_TIM_OC_DelayElapsedCallback
 .text.HAL_TIM_IC_CaptureCallback
                0x0000000008004ef6       0x14 ./Drivers/STM32L4xx_HAL_Driver/Src/stm32l4xx_hal_tim.o
                0x0000000008004ef6                HAL_TIM_IC_CaptureCallback
 .text.HAL_TIM_PWM_PulseFinishedCallback
                0x0000000008004f0a       0x14 ./Drivers/STM32L4xx_HAL_Driver/Src/stm32l4xx_hal_tim.o
                0x0000000008004f0a                HAL_TIM_PWM_PulseFinishedCallback
 .text.HAL_TIM_TriggerCallback
                0x0000000008004f1e       0x14 ./Drivers/STM32L4xx_HAL_Driver/Src/stm32l4xx_hal_tim.o
                0x0000000008004f1e                HAL_TIM_TriggerCallback
 *fill*         0x0000000008004f32        0x2 
 .text.TIM_Base_SetConfig
                0x0000000008004f34      0x134 ./Drivers/STM32L4xx_HAL_Driver/Src/stm32l4xx_hal_tim.o
                0x0000000008004f34                TIM_Base_SetConfig
 .text.HAL_TIMEx_CommutCallback
                0x0000000008005068       0x14 ./Drivers/STM32L4xx_HAL_Driver/Src/stm32l4xx_hal_tim_ex.o
                0x0000000008005068                HAL_TIMEx_CommutCallback
 .text.HAL_TIMEx_BreakCallback
                0x000000000800507c       0x14 ./Drivers/STM32L4xx_HAL_Driver/Src/stm32l4xx_hal_tim_ex.o
                0x000000000800507c                HAL_TIMEx_BreakCallback
 .text.HAL_TIMEx_Break2Callback
                0x0000000008005090       0x14 ./Drivers/STM32L4xx_HAL_Driver/Src/stm32l4xx_hal_tim_ex.o
                0x0000000008005090                HAL_TIMEx_Break2Callback
 .text.HAL_UART_Init
                0x00000000080050a4       0x9c ./Drivers/STM32L4xx_HAL_Driver/Src/stm32l4xx_hal_uart.o
                0x00000000080050a4                HAL_UART_Init
 .text.HAL_UART_Transmit
                0x0000000008005140      0x128 ./Drivers/STM32L4xx_HAL_Driver/Src/stm32l4xx_hal_uart.o
                0x0000000008005140                HAL_UART_Transmit
 .text.UART_SetConfig
                0x0000000008005268      0x514 ./Drivers/STM32L4xx_HAL_Driver/Src/stm32l4xx_hal_uart.o
                0x0000000008005268                UART_SetConfig
 .text.UART_AdvFeatureConfig
                0x000000000800577c      0x144 ./Drivers/STM32L4xx_HAL_Driver/Src/stm32l4xx_hal_uart.o
                0x000000000800577c                UART_AdvFeatureConfig
 .text.UART_CheckIdleState
                0x00000000080058c0       0x92 ./Drivers/STM32L4xx_HAL_Driver/Src/stm32l4xx_hal_uart.o
                0x00000000080058c0                UART_CheckIdleState
 .text.UART_WaitOnFlagUntilTimeout
                0x0000000008005952      0x188 ./Drivers/STM32L4xx_HAL_Driver/Src/stm32l4xx_hal_uart.o
                0x0000000008005952                UART_WaitOnFlagUntilTimeout
 .text.USB_CoreInit
                0x0000000008005ada       0x58 ./Drivers/STM32L4xx_HAL_Driver/Src/stm32l4xx_ll_usb.o
                0x0000000008005ada                USB_CoreInit
 .text.USB_EnableGlobalInt
                0x0000000008005b32       0x22 ./Drivers/STM32L4xx_HAL_Driver/Src/stm32l4xx_ll_usb.o
                0x0000000008005b32                USB_EnableGlobalInt
 .text.USB_DisableGlobalInt
                0x0000000008005b54       0x22 ./Drivers/STM32L4xx_HAL_Driver/Src/stm32l4xx_ll_usb.o
                0x0000000008005b54                USB_DisableGlobalInt
 .text.USB_SetCurrentMode
                0x0000000008005b76       0x98 ./Drivers/STM32L4xx_HAL_Driver/Src/stm32l4xx_ll_usb.o
                0x0000000008005b76                USB_SetCurrentMode
 *fill*         0x0000000008005c0e        0x2 
 .text.USB_FlushTxFifo
                0x0000000008005c10       0x64 ./Drivers/STM32L4xx_HAL_Driver/Src/stm32l4xx_ll_usb.o
                0x0000000008005c10                USB_FlushTxFifo
 .text.USB_FlushRxFifo
                0x0000000008005c74       0x5c ./Drivers/STM32L4xx_HAL_Driver/Src/stm32l4xx_ll_usb.o
                0x0000000008005c74                USB_FlushRxFifo
 .text.USB_WritePacket
                0x0000000008005cd0       0x74 ./Drivers/STM32L4xx_HAL_Driver/Src/stm32l4xx_ll_usb.o
                0x0000000008005cd0                USB_WritePacket
 .text.USB_ReadPacket
                0x0000000008005d44       0xb0 ./Drivers/STM32L4xx_HAL_Driver/Src/stm32l4xx_ll_usb.o
                0x0000000008005d44                USB_ReadPacket
 .text.USB_ReadInterrupts
                0x0000000008005df4       0x26 ./Drivers/STM32L4xx_HAL_Driver/Src/stm32l4xx_ll_usb.o
                0x0000000008005df4                USB_ReadInterrupts
 .text.USB_GetMode
                0x0000000008005e1a       0x1c ./Drivers/STM32L4xx_HAL_Driver/Src/stm32l4xx_ll_usb.o
                0x0000000008005e1a                USB_GetMode
 *fill*         0x0000000008005e36        0x2 
 .text.USB_CoreReset
                0x0000000008005e38       0x64 ./Drivers/STM32L4xx_HAL_Driver/Src/stm32l4xx_ll_usb.o
 .text.USB_HostInit
                0x0000000008005e9c      0x104 ./Drivers/STM32L4xx_HAL_Driver/Src/stm32l4xx_ll_usb.o
                0x0000000008005e9c                USB_HostInit
 .text.USB_InitFSLSPClkSel
                0x0000000008005fa0       0x74 ./Drivers/STM32L4xx_HAL_Driver/Src/stm32l4xx_ll_usb.o
                0x0000000008005fa0                USB_InitFSLSPClkSel
 .text.USB_ResetPort
                0x0000000008006014       0x54 ./Drivers/STM32L4xx_HAL_Driver/Src/stm32l4xx_ll_usb.o
                0x0000000008006014                USB_ResetPort
 .text.USB_DriveVbus
                0x0000000008006068       0x72 ./Drivers/STM32L4xx_HAL_Driver/Src/stm32l4xx_ll_usb.o
                0x0000000008006068                USB_DriveVbus
 .text.USB_GetHostSpeed
                0x00000000080060da       0x2e ./Drivers/STM32L4xx_HAL_Driver/Src/stm32l4xx_ll_usb.o
                0x00000000080060da                USB_GetHostSpeed
 .text.USB_GetCurrentFrame
                0x0000000008006108       0x22 ./Drivers/STM32L4xx_HAL_Driver/Src/stm32l4xx_ll_usb.o
                0x0000000008006108                USB_GetCurrentFrame
 *fill*         0x000000000800612a        0x2 
 .text.USB_HC_Init
                0x000000000800612c      0x210 ./Drivers/STM32L4xx_HAL_Driver/Src/stm32l4xx_ll_usb.o
                0x000000000800612c                USB_HC_Init
 .text.USB_HC_StartXfer
                0x000000000800633c      0x1f0 ./Drivers/STM32L4xx_HAL_Driver/Src/stm32l4xx_ll_usb.o
                0x000000000800633c                USB_HC_StartXfer
 .text.USB_HC_ReadInterrupt
                0x000000000800652c       0x22 ./Drivers/STM32L4xx_HAL_Driver/Src/stm32l4xx_ll_usb.o
                0x000000000800652c                USB_HC_ReadInterrupt
 .text.USB_HC_Halt
                0x000000000800654e      0x1f4 ./Drivers/STM32L4xx_HAL_Driver/Src/stm32l4xx_ll_usb.o
                0x000000000800654e                USB_HC_Halt
 .text.USB_StopHost
                0x0000000008006742      0x122 ./Drivers/STM32L4xx_HAL_Driver/Src/stm32l4xx_ll_usb.o
                0x0000000008006742                USB_StopHost
 .text.MX_FATFS_Init
                0x0000000008006864       0x24 ./FATFS/App/fatfs.o
                0x0000000008006864                MX_FATFS_Init
 .text.get_fattime
                0x0000000008006888       0x10 ./FATFS/App/fatfs.o
                0x0000000008006888                get_fattime
 .text.USBH_initialize
                0x0000000008006898       0x18 ./FATFS/Target/usbh_diskio.o
                0x0000000008006898                USBH_initialize
 .text.USBH_status
                0x00000000080068b0       0x38 ./FATFS/Target/usbh_diskio.o
                0x00000000080068b0                USBH_status
 .text.USBH_read
                0x00000000080068e8       0x74 ./FATFS/Target/usbh_diskio.o
                0x00000000080068e8                USBH_read
 .text.USBH_write
                0x000000000800695c       0x84 ./FATFS/Target/usbh_diskio.o
                0x000000000800695c                USBH_write
 .text.USBH_ioctl
                0x00000000080069e0       0xd8 ./FATFS/Target/usbh_diskio.o
                0x00000000080069e0                USBH_ioctl
 .text.USBH_MSC_InterfaceInit
                0x0000000008006ab8      0x216 ./Middlewares/ST/STM32_USB_Host_Library/Class/MSC/Src/usbh_msc.o
 .text.USBH_MSC_InterfaceDeInit
                0x0000000008006cce       0x8c ./Middlewares/ST/STM32_USB_Host_Library/Class/MSC/Src/usbh_msc.o
 .text.USBH_MSC_ClassRequest
                0x0000000008006d5a       0xce ./Middlewares/ST/STM32_USB_Host_Library/Class/MSC/Src/usbh_msc.o
 .text.USBH_MSC_Process
                0x0000000008006e28      0x520 ./Middlewares/ST/STM32_USB_Host_Library/Class/MSC/Src/usbh_msc.o
 .text.USBH_MSC_SOFProcess
                0x0000000008007348       0x16 ./Middlewares/ST/STM32_USB_Host_Library/Class/MSC/Src/usbh_msc.o
 .text.USBH_MSC_RdWrProcess
                0x000000000800735e      0x19e ./Middlewares/ST/STM32_USB_Host_Library/Class/MSC/Src/usbh_msc.o
 .text.USBH_MSC_UnitIsReady
                0x00000000080074fc       0x4c ./Middlewares/ST/STM32_USB_Host_Library/Class/MSC/Src/usbh_msc.o
                0x00000000080074fc                USBH_MSC_UnitIsReady
 .text.USBH_MSC_GetLUNInfo
                0x0000000008007548       0x48 ./Middlewares/ST/STM32_USB_Host_Library/Class/MSC/Src/usbh_msc.o
                0x0000000008007548                USBH_MSC_GetLUNInfo
 .text.USBH_MSC_Read
                0x0000000008007590       0xd2 ./Middlewares/ST/STM32_USB_Host_Library/Class/MSC/Src/usbh_msc.o
                0x0000000008007590                USBH_MSC_Read
 .text.USBH_MSC_Write
                0x0000000008007662       0xd2 ./Middlewares/ST/STM32_USB_Host_Library/Class/MSC/Src/usbh_msc.o
                0x0000000008007662                USBH_MSC_Write
 .text.USBH_MSC_BOT_REQ_Reset
                0x0000000008007734       0x3a ./Middlewares/ST/STM32_USB_Host_Library/Class/MSC/Src/usbh_msc_bot.o
                0x0000000008007734                USBH_MSC_BOT_REQ_Reset
 .text.USBH_MSC_BOT_REQ_GetMaxLUN
                0x000000000800776e       0x3c ./Middlewares/ST/STM32_USB_Host_Library/Class/MSC/Src/usbh_msc_bot.o
                0x000000000800776e                USBH_MSC_BOT_REQ_GetMaxLUN
 *fill*         0x00000000080077aa        0x2 
 .text.USBH_MSC_BOT_Init
                0x00000000080077ac       0x44 ./Middlewares/ST/STM32_USB_Host_Library/Class/MSC/Src/usbh_msc_bot.o
                0x00000000080077ac                USBH_MSC_BOT_Init
 .text.USBH_MSC_BOT_Process
                0x00000000080077f0      0x39c ./Middlewares/ST/STM32_USB_Host_Library/Class/MSC/Src/usbh_msc_bot.o
                0x00000000080077f0                USBH_MSC_BOT_Process
 .text.USBH_MSC_BOT_Abort
                0x0000000008007b8c       0x58 ./Middlewares/ST/STM32_USB_Host_Library/Class/MSC/Src/usbh_msc_bot.o
 .text.USBH_MSC_DecodeCSW
                0x0000000008007be4       0x88 ./Middlewares/ST/STM32_USB_Host_Library/Class/MSC/Src/usbh_msc_bot.o
 .text.USBH_MSC_SCSI_TestUnitReady
                0x0000000008007c6c       0x86 ./Middlewares/ST/STM32_USB_Host_Library/Class/MSC/Src/usbh_msc_scsi.o
                0x0000000008007c6c                USBH_MSC_SCSI_TestUnitReady
 .text.USBH_MSC_SCSI_ReadCapacity
                0x0000000008007cf2       0xf6 ./Middlewares/ST/STM32_USB_Host_Library/Class/MSC/Src/usbh_msc_scsi.o
                0x0000000008007cf2                USBH_MSC_SCSI_ReadCapacity
 .text.USBH_MSC_SCSI_Inquiry
                0x0000000008007de8      0x14a ./Middlewares/ST/STM32_USB_Host_Library/Class/MSC/Src/usbh_msc_scsi.o
                0x0000000008007de8                USBH_MSC_SCSI_Inquiry
 .text.USBH_MSC_SCSI_RequestSense
                0x0000000008007f32       0xf2 ./Middlewares/ST/STM32_USB_Host_Library/Class/MSC/Src/usbh_msc_scsi.o
                0x0000000008007f32                USBH_MSC_SCSI_RequestSense
 .text.USBH_MSC_SCSI_Write
                0x0000000008008024       0xd6 ./Middlewares/ST/STM32_USB_Host_Library/Class/MSC/Src/usbh_msc_scsi.o
                0x0000000008008024                USBH_MSC_SCSI_Write
 .text.USBH_MSC_SCSI_Read
                0x00000000080080fa       0xd6 ./Middlewares/ST/STM32_USB_Host_Library/Class/MSC/Src/usbh_msc_scsi.o
                0x00000000080080fa                USBH_MSC_SCSI_Read
 .text.USBH_Init
                0x00000000080081d0       0x74 ./Middlewares/ST/STM32_USB_Host_Library/Core/Src/usbh_core.o
                0x00000000080081d0                USBH_Init
 .text.DeInitStateMachine
                0x0000000008008244       0xa8 ./Middlewares/ST/STM32_USB_Host_Library/Core/Src/usbh_core.o
 .text.USBH_RegisterClass
                0x00000000080082ec       0x54 ./Middlewares/ST/STM32_USB_Host_Library/Core/Src/usbh_core.o
                0x00000000080082ec                USBH_RegisterClass
 .text.USBH_SelectInterface
                0x0000000008008340       0x38 ./Middlewares/ST/STM32_USB_Host_Library/Core/Src/usbh_core.o
                0x0000000008008340                USBH_SelectInterface
 .text.USBH_FindInterface
                0x0000000008008378       0x8c ./Middlewares/ST/STM32_USB_Host_Library/Core/Src/usbh_core.o
                0x0000000008008378                USBH_FindInterface
 .text.USBH_Start
                0x0000000008008404       0x20 ./Middlewares/ST/STM32_USB_Host_Library/Core/Src/usbh_core.o
                0x0000000008008404                USBH_Start
 .text.USBH_Process
                0x0000000008008424      0x3c0 ./Middlewares/ST/STM32_USB_Host_Library/Core/Src/usbh_core.o
                0x0000000008008424                USBH_Process
 .text.USBH_HandleEnum
                0x00000000080087e4      0x3c8 ./Middlewares/ST/STM32_USB_Host_Library/Core/Src/usbh_core.o
 .text.USBH_LL_SetTimer
                0x0000000008008bac       0x1e ./Middlewares/ST/STM32_USB_Host_Library/Core/Src/usbh_core.o
                0x0000000008008bac                USBH_LL_SetTimer
 .text.USBH_LL_IncTimer
                0x0000000008008bca       0x24 ./Middlewares/ST/STM32_USB_Host_Library/Core/Src/usbh_core.o
                0x0000000008008bca                USBH_LL_IncTimer
 .text.USBH_HandleSof
                0x0000000008008bee       0x30 ./Middlewares/ST/STM32_USB_Host_Library/Core/Src/usbh_core.o
 .text.USBH_LL_PortEnabled
                0x0000000008008c1e       0x1c ./Middlewares/ST/STM32_USB_Host_Library/Core/Src/usbh_core.o
                0x0000000008008c1e                USBH_LL_PortEnabled
 .text.USBH_LL_PortDisabled
                0x0000000008008c3a       0x1c ./Middlewares/ST/STM32_USB_Host_Library/Core/Src/usbh_core.o
                0x0000000008008c3a                USBH_LL_PortDisabled
 .text.USBH_LL_Connect
                0x0000000008008c56       0x2e ./Middlewares/ST/STM32_USB_Host_Library/Core/Src/usbh_core.o
                0x0000000008008c56                USBH_LL_Connect
 .text.USBH_LL_Disconnect
                0x0000000008008c84       0x48 ./Middlewares/ST/STM32_USB_Host_Library/Core/Src/usbh_core.o
                0x0000000008008c84                USBH_LL_Disconnect
 .text.USBH_Get_DevDesc
                0x0000000008008ccc       0x50 ./Middlewares/ST/STM32_USB_Host_Library/Core/Src/usbh_ctlreq.o
                0x0000000008008ccc                USBH_Get_DevDesc
 .text.USBH_Get_CfgDesc
                0x0000000008008d1c       0x48 ./Middlewares/ST/STM32_USB_Host_Library/Core/Src/usbh_ctlreq.o
                0x0000000008008d1c                USBH_Get_CfgDesc
 .text.USBH_Get_StringDesc
                0x0000000008008d64       0x56 ./Middlewares/ST/STM32_USB_Host_Library/Core/Src/usbh_ctlreq.o
                0x0000000008008d64                USBH_Get_StringDesc
 .text.USBH_GetDescriptor
                0x0000000008008dba       0x6a ./Middlewares/ST/STM32_USB_Host_Library/Core/Src/usbh_ctlreq.o
                0x0000000008008dba                USBH_GetDescriptor
 .text.USBH_SetAddress
                0x0000000008008e24       0x48 ./Middlewares/ST/STM32_USB_Host_Library/Core/Src/usbh_ctlreq.o
                0x0000000008008e24                USBH_SetAddress
 .text.USBH_SetCfg
                0x0000000008008e6c       0x46 ./Middlewares/ST/STM32_USB_Host_Library/Core/Src/usbh_ctlreq.o
                0x0000000008008e6c                USBH_SetCfg
 .text.USBH_SetFeature
                0x0000000008008eb2       0x48 ./Middlewares/ST/STM32_USB_Host_Library/Core/Src/usbh_ctlreq.o
                0x0000000008008eb2                USBH_SetFeature
 .text.USBH_ClrFeature
                0x0000000008008efa       0x48 ./Middlewares/ST/STM32_USB_Host_Library/Core/Src/usbh_ctlreq.o
                0x0000000008008efa                USBH_ClrFeature
 .text.USBH_ParseDevDesc
                0x0000000008008f42       0xe0 ./Middlewares/ST/STM32_USB_Host_Library/Core/Src/usbh_ctlreq.o
 .text.USBH_ParseCfgDesc
                0x0000000008009022      0x144 ./Middlewares/ST/STM32_USB_Host_Library/Core/Src/usbh_ctlreq.o
 .text.USBH_ParseInterfaceDesc
                0x0000000008009166       0x5e ./Middlewares/ST/STM32_USB_Host_Library/Core/Src/usbh_ctlreq.o
 .text.USBH_ParseEPDesc
                0x00000000080091c4       0x5a ./Middlewares/ST/STM32_USB_Host_Library/Core/Src/usbh_ctlreq.o
 .text.USBH_ParseStringDesc
                0x000000000800921e       0x66 ./Middlewares/ST/STM32_USB_Host_Library/Core/Src/usbh_ctlreq.o
 .text.USBH_GetNextDesc
                0x0000000008009284       0x36 ./Middlewares/ST/STM32_USB_Host_Library/Core/Src/usbh_ctlreq.o
                0x0000000008009284                USBH_GetNextDesc
 .text.USBH_CtlReq
                0x00000000080092ba       0x7a ./Middlewares/ST/STM32_USB_Host_Library/Core/Src/usbh_ctlreq.o
                0x00000000080092ba                USBH_CtlReq
 .text.USBH_HandleControl
                0x0000000008009334      0x2e8 ./Middlewares/ST/STM32_USB_Host_Library/Core/Src/usbh_ctlreq.o
 .text.USBH_CtlSendSetup
                0x000000000800961c       0x34 ./Middlewares/ST/STM32_USB_Host_Library/Core/Src/usbh_ioreq.o
                0x000000000800961c                USBH_CtlSendSetup
 .text.USBH_CtlSendData
                0x0000000008009650       0x4a ./Middlewares/ST/STM32_USB_Host_Library/Core/Src/usbh_ioreq.o
                0x0000000008009650                USBH_CtlSendData
 .text.USBH_CtlReceiveData
                0x000000000800969a       0x3c ./Middlewares/ST/STM32_USB_Host_Library/Core/Src/usbh_ioreq.o
                0x000000000800969a                USBH_CtlReceiveData
 .text.USBH_BulkSendData
                0x00000000080096d6       0x4a ./Middlewares/ST/STM32_USB_Host_Library/Core/Src/usbh_ioreq.o
                0x00000000080096d6                USBH_BulkSendData
 .text.USBH_BulkReceiveData
                0x0000000008009720       0x3c ./Middlewares/ST/STM32_USB_Host_Library/Core/Src/usbh_ioreq.o
                0x0000000008009720                USBH_BulkReceiveData
 .text.USBH_OpenPipe
                0x000000000800975c       0x3e ./Middlewares/ST/STM32_USB_Host_Library/Core/Src/usbh_pipes.o
                0x000000000800975c                USBH_OpenPipe
 .text.USBH_ClosePipe
                0x000000000800979a       0x20 ./Middlewares/ST/STM32_USB_Host_Library/Core/Src/usbh_pipes.o
                0x000000000800979a                USBH_ClosePipe
 .text.USBH_AllocPipe
                0x00000000080097ba       0x42 ./Middlewares/ST/STM32_USB_Host_Library/Core/Src/usbh_pipes.o
                0x00000000080097ba                USBH_AllocPipe
 .text.USBH_FreePipe
                0x00000000080097fc       0x3c ./Middlewares/ST/STM32_USB_Host_Library/Core/Src/usbh_pipes.o
                0x00000000080097fc                USBH_FreePipe
 .text.USBH_GetFreePipe
                0x0000000008009838       0x48 ./Middlewares/ST/STM32_USB_Host_Library/Core/Src/usbh_pipes.o
 .text.disk_status
                0x0000000008009880       0x34 ./Middlewares/Third_Party/FatFs/src/diskio.o
                0x0000000008009880                disk_status
 .text.disk_initialize
                0x00000000080098b4       0x4c ./Middlewares/Third_Party/FatFs/src/diskio.o
                0x00000000080098b4                disk_initialize
 .text.disk_read
                0x0000000008009900       0x40 ./Middlewares/Third_Party/FatFs/src/diskio.o
                0x0000000008009900                disk_read
 .text.disk_write
                0x0000000008009940       0x40 ./Middlewares/Third_Party/FatFs/src/diskio.o
                0x0000000008009940                disk_write
 .text.disk_ioctl
                0x0000000008009980       0x3c ./Middlewares/Third_Party/FatFs/src/diskio.o
                0x0000000008009980                disk_ioctl
 .text.ld_word  0x00000000080099bc       0x30 ./Middlewares/Third_Party/FatFs/src/ff.o
 .text.ld_dword
                0x00000000080099ec       0x46 ./Middlewares/Third_Party/FatFs/src/ff.o
 .text.st_word  0x0000000008009a32       0x36 ./Middlewares/Third_Party/FatFs/src/ff.o
 .text.st_dword
                0x0000000008009a68       0x58 ./Middlewares/Third_Party/FatFs/src/ff.o
 .text.mem_cpy  0x0000000008009ac0       0x42 ./Middlewares/Third_Party/FatFs/src/ff.o
 .text.mem_set  0x0000000008009b02       0x36 ./Middlewares/Third_Party/FatFs/src/ff.o
 .text.mem_cmp  0x0000000008009b38       0x4e ./Middlewares/Third_Party/FatFs/src/ff.o
 .text.chk_chr  0x0000000008009b86       0x36 ./Middlewares/Third_Party/FatFs/src/ff.o
 .text.chk_lock
                0x0000000008009bbc       0xb8 ./Middlewares/Third_Party/FatFs/src/ff.o
 .text.enq_lock
                0x0000000008009c74       0x44 ./Middlewares/Third_Party/FatFs/src/ff.o
 .text.inc_lock
                0x0000000008009cb8      0x11c ./Middlewares/Third_Party/FatFs/src/ff.o
 .text.dec_lock
                0x0000000008009dd4       0x78 ./Middlewares/Third_Party/FatFs/src/ff.o
 .text.clear_lock
                0x0000000008009e4c       0x48 ./Middlewares/Third_Party/FatFs/src/ff.o
 .text.sync_window
                0x0000000008009e94       0x88 ./Middlewares/Third_Party/FatFs/src/ff.o
 .text.move_window
                0x0000000008009f1c       0x5a ./Middlewares/Third_Party/FatFs/src/ff.o
 *fill*         0x0000000008009f76        0x2 
 .text.sync_fs  0x0000000008009f78       0xdc ./Middlewares/Third_Party/FatFs/src/ff.o
 .text.clust2sect
                0x000000000800a054       0x3e ./Middlewares/Third_Party/FatFs/src/ff.o
 .text.get_fat  0x000000000800a092      0x150 ./Middlewares/Third_Party/FatFs/src/ff.o
 .text.put_fat  0x000000000800a1e2      0x1d8 ./Middlewares/Third_Party/FatFs/src/ff.o
 .text.remove_chain
                0x000000000800a3ba       0xca ./Middlewares/Third_Party/FatFs/src/ff.o
 .text.create_chain
                0x000000000800a484      0x130 ./Middlewares/Third_Party/FatFs/src/ff.o
 .text.clmt_clust
                0x000000000800a5b4       0x68 ./Middlewares/Third_Party/FatFs/src/ff.o
 .text.dir_sdi  0x000000000800a61c       0xf6 ./Middlewares/Third_Party/FatFs/src/ff.o
 .text.dir_next
                0x000000000800a712      0x18a ./Middlewares/Third_Party/FatFs/src/ff.o
 .text.dir_alloc
                0x000000000800a89c       0x8e ./Middlewares/Third_Party/FatFs/src/ff.o
 .text.ld_clust
                0x000000000800a92a       0x3e ./Middlewares/Third_Party/FatFs/src/ff.o
 .text.st_clust
                0x000000000800a968       0x40 ./Middlewares/Third_Party/FatFs/src/ff.o
 .text.dir_find
                0x000000000800a9a8       0xaa ./Middlewares/Third_Party/FatFs/src/ff.o
 .text.dir_register
                0x000000000800aa52       0x64 ./Middlewares/Third_Party/FatFs/src/ff.o
 .text.get_fileinfo
                0x000000000800aab6       0xbe ./Middlewares/Third_Party/FatFs/src/ff.o
 .text.create_name
                0x000000000800ab74      0x128 ./Middlewares/Third_Party/FatFs/src/ff.o
 .text.follow_path
                0x000000000800ac9c       0xe2 ./Middlewares/Third_Party/FatFs/src/ff.o
 .text.get_ldnumber
                0x000000000800ad7e       0x88 ./Middlewares/Third_Party/FatFs/src/ff.o
 *fill*         0x000000000800ae06        0x2 
 .text.check_fs
                0x000000000800ae08       0xac ./Middlewares/Third_Party/FatFs/src/ff.o
 .text.find_volume
                0x000000000800aeb4      0x498 ./Middlewares/Third_Party/FatFs/src/ff.o
 .text.validate
                0x000000000800b34c       0x6a ./Middlewares/Third_Party/FatFs/src/ff.o
 *fill*         0x000000000800b3b6        0x2 
 .text.f_mount  0x000000000800b3b8       0x8c ./Middlewares/Third_Party/FatFs/src/ff.o
                0x000000000800b3b8                f_mount
 .text.f_open   0x000000000800b444      0x37c ./Middlewares/Third_Party/FatFs/src/ff.o
                0x000000000800b444                f_open
 .text.f_write  0x000000000800b7c0      0x2ea ./Middlewares/Third_Party/FatFs/src/ff.o
                0x000000000800b7c0                f_write
 .text.f_sync   0x000000000800baaa       0xfc ./Middlewares/Third_Party/FatFs/src/ff.o
                0x000000000800baaa                f_sync
 .text.f_close  0x000000000800bba6       0x54 ./Middlewares/Third_Party/FatFs/src/ff.o
                0x000000000800bba6                f_close
 .text.f_stat   0x000000000800bbfa       0x72 ./Middlewares/Third_Party/FatFs/src/ff.o
                0x000000000800bbfa                f_stat
 .text.f_getfree
                0x000000000800bc6c      0x16a ./Middlewares/Third_Party/FatFs/src/ff.o
                0x000000000800bc6c                f_getfree
 .text.f_mkdir  0x000000000800bdd6      0x20e ./Middlewares/Third_Party/FatFs/src/ff.o
                0x000000000800bdd6                f_mkdir
 .text.FATFS_LinkDriverEx
                0x000000000800bfe4       0x98 ./Middlewares/Third_Party/FatFs/src/ff_gen_drv.o
                0x000000000800bfe4                FATFS_LinkDriverEx
 .text.FATFS_LinkDriver
                0x000000000800c07c       0x1e ./Middlewares/Third_Party/FatFs/src/ff_gen_drv.o
                0x000000000800c07c                FATFS_LinkDriver
 *fill*         0x000000000800c09a        0x2 
 .text.MX_USB_HOST_Init
                0x000000000800c09c       0x4c ./USB_HOST/App/usb_host.o
                0x000000000800c09c                MX_USB_HOST_Init
 .text.MX_USB_HOST_Process
                0x000000000800c0e8       0x14 ./USB_HOST/App/usb_host.o
                0x000000000800c0e8                MX_USB_HOST_Process
 .text.USBH_UserProcess
                0x000000000800c0fc       0xd0 ./USB_HOST/App/usb_host.o
 .text.HAL_HCD_MspInit
                0x000000000800c1cc      0x124 ./USB_HOST/Target/usbh_conf.o
                0x000000000800c1cc                HAL_HCD_MspInit
 .text.HAL_HCD_SOF_Callback
                0x000000000800c2f0       0x1c ./USB_HOST/Target/usbh_conf.o
                0x000000000800c2f0                HAL_HCD_SOF_Callback
 .text.HAL_HCD_Connect_Callback
                0x000000000800c30c       0x1c ./USB_HOST/Target/usbh_conf.o
                0x000000000800c30c                HAL_HCD_Connect_Callback
 .text.HAL_HCD_Disconnect_Callback
                0x000000000800c328       0x1c ./USB_HOST/Target/usbh_conf.o
                0x000000000800c328                HAL_HCD_Disconnect_Callback
 .text.HAL_HCD_HC_NotifyURBChange_Callback
                0x000000000800c344       0x1c ./USB_HOST/Target/usbh_conf.o
                0x000000000800c344                HAL_HCD_HC_NotifyURBChange_Callback
 .text.HAL_HCD_PortEnabled_Callback
                0x000000000800c360       0x1c ./USB_HOST/Target/usbh_conf.o
                0x000000000800c360                HAL_HCD_PortEnabled_Callback
 .text.HAL_HCD_PortDisabled_Callback
                0x000000000800c37c       0x1c ./USB_HOST/Target/usbh_conf.o
                0x000000000800c37c                HAL_HCD_PortDisabled_Callback
 .text.USBH_LL_Init
                0x000000000800c398       0x78 ./USB_HOST/Target/usbh_conf.o
                0x000000000800c398                USBH_LL_Init
 .text.USBH_LL_Start
                0x000000000800c410       0x36 ./USB_HOST/Target/usbh_conf.o
                0x000000000800c410                USBH_LL_Start
 .text.USBH_LL_Stop
                0x000000000800c446       0x36 ./USB_HOST/Target/usbh_conf.o
                0x000000000800c446                USBH_LL_Stop
 .text.USBH_LL_GetSpeed
                0x000000000800c47c       0x4e ./USB_HOST/Target/usbh_conf.o
                0x000000000800c47c                USBH_LL_GetSpeed
 .text.USBH_LL_ResetPort
                0x000000000800c4ca       0x36 ./USB_HOST/Target/usbh_conf.o
                0x000000000800c4ca                USBH_LL_ResetPort
 .text.USBH_LL_GetLastXferSize
                0x000000000800c500       0x26 ./USB_HOST/Target/usbh_conf.o
                0x000000000800c500                USBH_LL_GetLastXferSize
 .text.USBH_LL_OpenPipe
                0x000000000800c526       0x5e ./USB_HOST/Target/usbh_conf.o
                0x000000000800c526                USBH_LL_OpenPipe
 .text.USBH_LL_ClosePipe
                0x000000000800c584       0x3e ./USB_HOST/Target/usbh_conf.o
                0x000000000800c584                USBH_LL_ClosePipe
 .text.USBH_LL_SubmitURB
                0x000000000800c5c2       0x62 ./USB_HOST/Target/usbh_conf.o
                0x000000000800c5c2                USBH_LL_SubmitURB
 .text.USBH_LL_GetURBState
                0x000000000800c624       0x26 ./USB_HOST/Target/usbh_conf.o
                0x000000000800c624                USBH_LL_GetURBState
 .text.USBH_LL_DriverVBUS
                0x000000000800c64a       0x2e ./USB_HOST/Target/usbh_conf.o
                0x000000000800c64a                USBH_LL_DriverVBUS
 .text.USBH_LL_SetToggle
                0x000000000800c678       0x60 ./USB_HOST/Target/usbh_conf.o
                0x000000000800c678                USBH_LL_SetToggle
 .text.USBH_LL_GetToggle
                0x000000000800c6d8       0x60 ./USB_HOST/Target/usbh_conf.o
                0x000000000800c6d8                USBH_LL_GetToggle
 .text.USBH_Delay
                0x000000000800c738       0x16 ./USB_HOST/Target/usbh_conf.o
                0x000000000800c738                USBH_Delay
 *fill*         0x000000000800c74e        0x2 
 .text.USBH_Get_USB_Status
                0x000000000800c750       0x58 ./USB_HOST/Target/usbh_conf.o
                0x000000000800c750                USBH_Get_USB_Status
 .text.MX_DriverVbusFS
                0x000000000800c7a8       0x38 ./USB_HOST/Target/usbh_platform.o
                0x000000000800c7a8                MX_DriverVbusFS
 .text.__errno  0x000000000800c7e0        0xc /home/user/st/stm32cubeide_1.5.0/plugins/com.st.stm32cube.ide.mcu.externaltools.gnu-tools-for-stm32.9-2020-q2-update.linux64_2.0.0.202105311346/tools/bin/../lib/gcc/arm-none-eabi/9.3.1/../../../../arm-none-eabi/lib/thumb/v7e-m+fp/hard/libc_nano.a(lib_a-errno.o)
                0x000000000800c7e0                __errno
 .text.__libc_init_array
                0x000000000800c7ec       0x48 /home/user/st/stm32cubeide_1.5.0/plugins/com.st.stm32cube.ide.mcu.externaltools.gnu-tools-for-stm32.9-2020-q2-update.linux64_2.0.0.202105311346/tools/bin/../lib/gcc/arm-none-eabi/9.3.1/../../../../arm-none-eabi/lib/thumb/v7e-m+fp/hard/libc_nano.a(lib_a-init.o)
                0x000000000800c7ec                __libc_init_array
 .text.malloc   0x000000000800c834       0x10 /home/user/st/stm32cubeide_1.5.0/plugins/com.st.stm32cube.ide.mcu.externaltools.gnu-tools-for-stm32.9-2020-q2-update.linux64_2.0.0.202105311346/tools/bin/../lib/gcc/arm-none-eabi/9.3.1/../../../../arm-none-eabi/lib/thumb/v7e-m+fp/hard/libc_nano.a(lib_a-malloc.o)
                0x000000000800c834                malloc
 .text.free     0x000000000800c844       0x10 /home/user/st/stm32cubeide_1.5.0/plugins/com.st.stm32cube.ide.mcu.externaltools.gnu-tools-for-stm32.9-2020-q2-update.linux64_2.0.0.202105311346/tools/bin/../lib/gcc/arm-none-eabi/9.3.1/../../../../arm-none-eabi/lib/thumb/v7e-m+fp/hard/libc_nano.a(lib_a-malloc.o)
                0x000000000800c844                free
 .text.memcpy   0x000000000800c854       0x1c /home/user/st/stm32cubeide_1.5.0/plugins/com.st.stm32cube.ide.mcu.externaltools.gnu-tools-for-stm32.9-2020-q2-update.linux64_2.0.0.202105311346/tools/bin/../lib/gcc/arm-none-eabi/9.3.1/../../../../arm-none-eabi/lib/thumb/v7e-m+fp/hard/libc_nano.a(lib_a-memcpy-stub.o)
                0x000000000800c854                memcpy
 .text.memset   0x000000000800c870       0x10 /home/user/st/stm32cubeide_1.5.0/plugins/com.st.stm32cube.ide.mcu.externaltools.gnu-tools-for-stm32.9-2020-q2-update.linux64_2.0.0.202105311346/tools/bin/../lib/gcc/arm-none-eabi/9.3.1/../../../../arm-none-eabi/lib/thumb/v7e-m+fp/hard/libc_nano.a(lib_a-memset.o)
                0x000000000800c870                memset
 .text._free_r  0x000000000800c880       0xa0 /home/user/st/stm32cubeide_1.5.0/plugins/com.st.stm32cube.ide.mcu.externaltools.gnu-tools-for-stm32.9-2020-q2-update.linux64_2.0.0.202105311346/tools/bin/../lib/gcc/arm-none-eabi/9.3.1/../../../../arm-none-eabi/lib/thumb/v7e-m+fp/hard/libc_nano.a(lib_a-nano-freer.o)
                0x000000000800c880                _free_r
 .text._malloc_r
                0x000000000800c920       0xb4 /home/user/st/stm32cubeide_1.5.0/plugins/com.st.stm32cube.ide.mcu.externaltools.gnu-tools-for-stm32.9-2020-q2-update.linux64_2.0.0.202105311346/tools/bin/../lib/gcc/arm-none-eabi/9.3.1/../../../../arm-none-eabi/lib/thumb/v7e-m+fp/hard/libc_nano.a(lib_a-nano-mallocr.o)
                0x000000000800c920                _malloc_r
 .text._sbrk_r  0x000000000800c9d4       0x20 /home/user/st/stm32cubeide_1.5.0/plugins/com.st.stm32cube.ide.mcu.externaltools.gnu-tools-for-stm32.9-2020-q2-update.linux64_2.0.0.202105311346/tools/bin/../lib/gcc/arm-none-eabi/9.3.1/../../../../arm-none-eabi/lib/thumb/v7e-m+fp/hard/libc_nano.a(lib_a-sbrkr.o)
                0x000000000800c9d4                _sbrk_r
 .text.sprintf  0x000000000800c9f4       0x40 /home/user/st/stm32cubeide_1.5.0/plugins/com.st.stm32cube.ide.mcu.externaltools.gnu-tools-for-stm32.9-2020-q2-update.linux64_2.0.0.202105311346/tools/bin/../lib/gcc/arm-none-eabi/9.3.1/../../../../arm-none-eabi/lib/thumb/v7e-m+fp/hard/libc_nano.a(lib_a-sprintf.o)
                0x000000000800c9f4                sprintf
                0x000000000800c9f4                siprintf
 .text.__malloc_lock
                0x000000000800ca34        0xc /home/user/st/stm32cubeide_1.5.0/plugins/com.st.stm32cube.ide.mcu.externaltools.gnu-tools-for-stm32.9-2020-q2-update.linux64_2.0.0.202105311346/tools/bin/../lib/gcc/arm-none-eabi/9.3.1/../../../../arm-none-eabi/lib/thumb/v7e-m+fp/hard/libc_nano.a(lib_a-mlock.o)
                0x000000000800ca34                __malloc_lock
 .text.__malloc_unlock
                0x000000000800ca40        0xc /home/user/st/stm32cubeide_1.5.0/plugins/com.st.stm32cube.ide.mcu.externaltools.gnu-tools-for-stm32.9-2020-q2-update.linux64_2.0.0.202105311346/tools/bin/../lib/gcc/arm-none-eabi/9.3.1/../../../../arm-none-eabi/lib/thumb/v7e-m+fp/hard/libc_nano.a(lib_a-mlock.o)
                0x000000000800ca40                __malloc_unlock
 .text.__ssputs_r
                0x000000000800ca4c       0xb6 /home/user/st/stm32cubeide_1.5.0/plugins/com.st.stm32cube.ide.mcu.externaltools.gnu-tools-for-stm32.9-2020-q2-update.linux64_2.0.0.202105311346/tools/bin/../lib/gcc/arm-none-eabi/9.3.1/../../../../arm-none-eabi/lib/thumb/v7e-m+fp/hard/libc_nano.a(lib_a-nano-svfprintf.o)
                0x000000000800ca4c                __ssputs_r
 *fill*         0x000000000800cb02        0x2 
 .text._svfprintf_r
                0x000000000800cb04      0x200 /home/user/st/stm32cubeide_1.5.0/plugins/com.st.stm32cube.ide.mcu.externaltools.gnu-tools-for-stm32.9-2020-q2-update.linux64_2.0.0.202105311346/tools/bin/../lib/gcc/arm-none-eabi/9.3.1/../../../../arm-none-eabi/lib/thumb/v7e-m+fp/hard/libc_nano.a(lib_a-nano-svfprintf.o)
                0x000000000800cb04                _svfprintf_r
                0x000000000800cb04                _svfiprintf_r
 .text._printf_common
                0x000000000800cd04       0xda /home/user/st/stm32cubeide_1.5.0/plugins/com.st.stm32cube.ide.mcu.externaltools.gnu-tools-for-stm32.9-2020-q2-update.linux64_2.0.0.202105311346/tools/bin/../lib/gcc/arm-none-eabi/9.3.1/../../../../arm-none-eabi/lib/thumb/v7e-m+fp/hard/libc_nano.a(lib_a-nano-vfprintf_i.o)
                0x000000000800cd04                _printf_common
 *fill*         0x000000000800cdde        0x2 
 .text._printf_i
                0x000000000800cde0      0x24c /home/user/st/stm32cubeide_1.5.0/plugins/com.st.stm32cube.ide.mcu.externaltools.gnu-tools-for-stm32.9-2020-q2-update.linux64_2.0.0.202105311346/tools/bin/../lib/gcc/arm-none-eabi/9.3.1/../../../../arm-none-eabi/lib/thumb/v7e-m+fp/hard/libc_nano.a(lib_a-nano-vfprintf_i.o)
                0x000000000800cde0                _printf_i
 .text.__retarget_lock_acquire_recursive
                0x000000000800d02c        0x2 /home/user/st/stm32cubeide_1.5.0/plugins/com.st.stm32cube.ide.mcu.externaltools.gnu-tools-for-stm32.9-2020-q2-update.linux64_2.0.0.202105311346/tools/bin/../lib/gcc/arm-none-eabi/9.3.1/../../../../arm-none-eabi/lib/thumb/v7e-m+fp/hard/libc_nano.a(lib_a-lock.o)
                0x000000000800d02c                __retarget_lock_acquire_recursive
 .text.__retarget_lock_release_recursive
                0x000000000800d02e        0x2 /home/user/st/stm32cubeide_1.5.0/plugins/com.st.stm32cube.ide.mcu.externaltools.gnu-tools-for-stm32.9-2020-q2-update.linux64_2.0.0.202105311346/tools/bin/../lib/gcc/arm-none-eabi/9.3.1/../../../../arm-none-eabi/lib/thumb/v7e-m+fp/hard/libc_nano.a(lib_a-lock.o)
                0x000000000800d02e                __retarget_lock_release_recursive
 .text.memmove  0x000000000800d030       0x34 /home/user/st/stm32cubeide_1.5.0/plugins/com.st.stm32cube.ide.mcu.externaltools.gnu-tools-for-stm32.9-2020-q2-update.linux64_2.0.0.202105311346/tools/bin/../lib/gcc/arm-none-eabi/9.3.1/../../../../arm-none-eabi/lib/thumb/v7e-m+fp/hard/libc_nano.a(lib_a-memmove.o)
                0x000000000800d030                memmove
 .text._realloc_r
                0x000000000800d064       0x4c /home/user/st/stm32cubeide_1.5.0/plugins/com.st.stm32cube.ide.mcu.externaltools.gnu-tools-for-stm32.9-2020-q2-update.linux64_2.0.0.202105311346/tools/bin/../lib/gcc/arm-none-eabi/9.3.1/../../../../arm-none-eabi/lib/thumb/v7e-m+fp/hard/libc_nano.a(lib_a-nano-reallocr.o)
                0x000000000800d064                _realloc_r
 .text._malloc_usable_size_r
                0x000000000800d0b0       0x10 /home/user/st/stm32cubeide_1.5.0/plugins/com.st.stm32cube.ide.mcu.externaltools.gnu-tools-for-stm32.9-2020-q2-update.linux64_2.0.0.202105311346/tools/bin/../lib/gcc/arm-none-eabi/9.3.1/../../../../arm-none-eabi/lib/thumb/v7e-m+fp/hard/libc_nano.a(lib_a-nano-msizer.o)
                0x000000000800d0b0                _malloc_usable_size_r
 *(.glue_7)
 .glue_7        0x000000000800d0c0        0x0 linker stubs
 *(.glue_7t)
 .glue_7t       0x000000000800d0c0        0x0 linker stubs
 *(.eh_frame)
 .eh_frame      0x000000000800d0c0        0x0 /home/user/st/stm32cubeide_1.5.0/plugins/com.st.stm32cube.ide.mcu.externaltools.gnu-tools-for-stm32.9-2020-q2-update.linux64_2.0.0.202105311346/tools/bin/../lib/gcc/arm-none-eabi/9.3.1/thumb/v7e-m+fp/hard/crtbegin.o
 *(.init)
 .init          0x000000000800d0c0        0x4 /home/user/st/stm32cubeide_1.5.0/plugins/com.st.stm32cube.ide.mcu.externaltools.gnu-tools-for-stm32.9-2020-q2-update.linux64_2.0.0.202105311346/tools/bin/../lib/gcc/arm-none-eabi/9.3.1/thumb/v7e-m+fp/hard/crti.o
                0x000000000800d0c0                _init
 .init          0x000000000800d0c4        0x8 /home/user/st/stm32cubeide_1.5.0/plugins/com.st.stm32cube.ide.mcu.externaltools.gnu-tools-for-stm32.9-2020-q2-update.linux64_2.0.0.202105311346/tools/bin/../lib/gcc/arm-none-eabi/9.3.1/thumb/v7e-m+fp/hard/crtn.o
 *(.fini)
 .fini          0x000000000800d0cc        0x4 /home/user/st/stm32cubeide_1.5.0/plugins/com.st.stm32cube.ide.mcu.externaltools.gnu-tools-for-stm32.9-2020-q2-update.linux64_2.0.0.202105311346/tools/bin/../lib/gcc/arm-none-eabi/9.3.1/thumb/v7e-m+fp/hard/crti.o
                0x000000000800d0cc                _fini
 .fini          0x000000000800d0d0        0x8 /home/user/st/stm32cubeide_1.5.0/plugins/com.st.stm32cube.ide.mcu.externaltools.gnu-tools-for-stm32.9-2020-q2-update.linux64_2.0.0.202105311346/tools/bin/../lib/gcc/arm-none-eabi/9.3.1/thumb/v7e-m+fp/hard/crtn.o
                0x000000000800d0d8                . = ALIGN (0x4)
                0x000000000800d0d8                _etext = .

.vfp11_veneer   0x000000000800d0d8        0x0
 .vfp11_veneer  0x000000000800d0d8        0x0 linker stubs

.v4_bx          0x000000000800d0d8        0x0
 .v4_bx         0x000000000800d0d8        0x0 linker stubs

.iplt           0x000000000800d0d8        0x0
 .iplt          0x000000000800d0d8        0x0 /home/user/st/stm32cubeide_1.5.0/plugins/com.st.stm32cube.ide.mcu.externaltools.gnu-tools-for-stm32.9-2020-q2-update.linux64_2.0.0.202105311346/tools/bin/../lib/gcc/arm-none-eabi/9.3.1/thumb/v7e-m+fp/hard/crtbegin.o

.rodata         0x000000000800d0d8      0x74c
                0x000000000800d0d8                . = ALIGN (0x4)
 *(.rodata)
 .rodata        0x000000000800d0d8      0x4ae ./Core/Src/File_Handling.o
 *fill*         0x000000000800d586        0x2 
 .rodata        0x000000000800d588        0x4 ./Middlewares/ST/STM32_USB_Host_Library/Class/MSC/Src/usbh_msc.o
 .rodata        0x000000000800d58c       0x44 ./Middlewares/Third_Party/FatFs/src/ff.o
 .rodata        0x000000000800d5d0      0x143 ./USB_HOST/App/usb_host.o
 *(.rodata*)
 *fill*         0x000000000800d713        0x1 
 .rodata.AHBPrescTable
                0x000000000800d714       0x10 ./Core/Src/system_stm32l4xx.o
                0x000000000800d714                AHBPrescTable
 .rodata.APBPrescTable
                0x000000000800d724        0x8 ./Core/Src/system_stm32l4xx.o
                0x000000000800d724                APBPrescTable
 .rodata.MSIRangeTable
                0x000000000800d72c       0x30 ./Core/Src/system_stm32l4xx.o
                0x000000000800d72c                MSIRangeTable
 .rodata.USBH_Driver
                0x000000000800d75c       0x14 ./FATFS/Target/usbh_diskio.o
                0x000000000800d75c                USBH_Driver
 .rodata.ExCvt  0x000000000800d770       0x80 ./Middlewares/Third_Party/FatFs/src/ff.o
 .rodata._svfprintf_r.str1.1
                0x000000000800d7f0       0x11 /home/user/st/stm32cubeide_1.5.0/plugins/com.st.stm32cube.ide.mcu.externaltools.gnu-tools-for-stm32.9-2020-q2-update.linux64_2.0.0.202105311346/tools/bin/../lib/gcc/arm-none-eabi/9.3.1/../../../../arm-none-eabi/lib/thumb/v7e-m+fp/hard/libc_nano.a(lib_a-nano-svfprintf.o)
 .rodata._printf_i.str1.1
                0x000000000800d801       0x22 /home/user/st/stm32cubeide_1.5.0/plugins/com.st.stm32cube.ide.mcu.externaltools.gnu-tools-for-stm32.9-2020-q2-update.linux64_2.0.0.202105311346/tools/bin/../lib/gcc/arm-none-eabi/9.3.1/../../../../arm-none-eabi/lib/thumb/v7e-m+fp/hard/libc_nano.a(lib_a-nano-vfprintf_i.o)
                0x000000000800d824                . = ALIGN (0x4)
 *fill*         0x000000000800d823        0x1 

.ARM.extab      0x000000000800d824        0x0
                0x000000000800d824                . = ALIGN (0x4)
 *(.ARM.extab* .gnu.linkonce.armextab.*)
                0x000000000800d824                . = ALIGN (0x4)

.ARM            0x000000000800d824        0x8
                0x000000000800d824                . = ALIGN (0x4)
                0x000000000800d824                __exidx_start = .
 *(.ARM.exidx*)
 .ARM.exidx     0x000000000800d824        0x8 /home/user/st/stm32cubeide_1.5.0/plugins/com.st.stm32cube.ide.mcu.externaltools.gnu-tools-for-stm32.9-2020-q2-update.linux64_2.0.0.202105311346/tools/bin/../lib/gcc/arm-none-eabi/9.3.1/thumb/v7e-m+fp/hard/libgcc.a(_udivmoddi4.o)
                0x000000000800d82c                __exidx_end = .
                0x000000000800d82c                . = ALIGN (0x4)

.rel.dyn        0x000000000800d82c        0x0
 .rel.iplt      0x000000000800d82c        0x0 /home/user/st/stm32cubeide_1.5.0/plugins/com.st.stm32cube.ide.mcu.externaltools.gnu-tools-for-stm32.9-2020-q2-update.linux64_2.0.0.202105311346/tools/bin/../lib/gcc/arm-none-eabi/9.3.1/thumb/v7e-m+fp/hard/crtbegin.o

.preinit_array  0x000000000800d82c        0x0
                0x000000000800d82c                . = ALIGN (0x4)
                0x000000000800d82c                PROVIDE (__preinit_array_start = .)
 *(.preinit_array*)
                0x000000000800d82c                PROVIDE (__preinit_array_end = .)
                0x000000000800d82c                . = ALIGN (0x4)

.init_array     0x000000000800d82c        0x4
                0x000000000800d82c                . = ALIGN (0x4)
                0x000000000800d82c                PROVIDE (__init_array_start = .)
 *(SORT_BY_NAME(.init_array.*))
 *(.init_array*)
 .init_array    0x000000000800d82c        0x4 /home/user/st/stm32cubeide_1.5.0/plugins/com.st.stm32cube.ide.mcu.externaltools.gnu-tools-for-stm32.9-2020-q2-update.linux64_2.0.0.202105311346/tools/bin/../lib/gcc/arm-none-eabi/9.3.1/thumb/v7e-m+fp/hard/crtbegin.o
                0x000000000800d830                PROVIDE (__init_array_end = .)
                0x000000000800d830                . = ALIGN (0x4)

.fini_array     0x000000000800d830        0x4
                0x000000000800d830                . = ALIGN (0x4)
                [!provide]                        PROVIDE (__fini_array_start = .)
 *(SORT_BY_NAME(.fini_array.*))
 *(.fini_array*)
 .fini_array    0x000000000800d830        0x4 /home/user/st/stm32cubeide_1.5.0/plugins/com.st.stm32cube.ide.mcu.externaltools.gnu-tools-for-stm32.9-2020-q2-update.linux64_2.0.0.202105311346/tools/bin/../lib/gcc/arm-none-eabi/9.3.1/thumb/v7e-m+fp/hard/crtbegin.o
                [!provide]                        PROVIDE (__fini_array_end = .)
                0x000000000800d834                . = ALIGN (0x4)
                0x000000000800d834                _sidata = LOADADDR (.data)

.data           0x0000000020000000       0x90 load address 0x000000000800d834
                0x0000000020000000                . = ALIGN (0x4)
                0x0000000020000000                _sdata = .
 *(.data)
 *(.data*)
 .data.SystemCoreClock
                0x0000000020000000        0x4 ./Core/Src/system_stm32l4xx.o
                0x0000000020000000                SystemCoreClock
 .data.uwTickPrio
                0x0000000020000004        0x4 ./Drivers/STM32L4xx_HAL_Driver/Src/stm32l4xx_hal.o
                0x0000000020000004                uwTickPrio
 .data.uwTickFreq
                0x0000000020000008        0x1 ./Drivers/STM32L4xx_HAL_Driver/Src/stm32l4xx_hal.o
                0x0000000020000008                uwTickFreq
 *fill*         0x0000000020000009        0x3 
 .data.USBH_msc
                0x000000002000000c       0x20 ./Middlewares/ST/STM32_USB_Host_Library/Class/MSC/Src/usbh_msc.o
                0x000000002000000c                USBH_msc
 .data._impure_ptr
                0x000000002000002c        0x4 /home/user/st/stm32cubeide_1.5.0/plugins/com.st.stm32cube.ide.mcu.externaltools.gnu-tools-for-stm32.9-2020-q2-update.linux64_2.0.0.202105311346/tools/bin/../lib/gcc/arm-none-eabi/9.3.1/../../../../arm-none-eabi/lib/thumb/v7e-m+fp/hard/libc_nano.a(lib_a-impure.o)
                0x000000002000002c                _impure_ptr
 .data.impure_data
                0x0000000020000030       0x60 /home/user/st/stm32cubeide_1.5.0/plugins/com.st.stm32cube.ide.mcu.externaltools.gnu-tools-for-stm32.9-2020-q2-update.linux64_2.0.0.202105311346/tools/bin/../lib/gcc/arm-none-eabi/9.3.1/../../../../arm-none-eabi/lib/thumb/v7e-m+fp/hard/libc_nano.a(lib_a-impure.o)
 *(.RamFunc)
 *(.RamFunc*)
                0x0000000020000090                . = ALIGN (0x4)
                0x0000000020000090                _edata = .

.igot.plt       0x0000000020000090        0x0 load address 0x000000000800d8c4
 .igot.plt      0x0000000020000090        0x0 /home/user/st/stm32cubeide_1.5.0/plugins/com.st.stm32cube.ide.mcu.externaltools.gnu-tools-for-stm32.9-2020-q2-update.linux64_2.0.0.202105311346/tools/bin/../lib/gcc/arm-none-eabi/9.3.1/thumb/v7e-m+fp/hard/crtbegin.o
                0x0000000020000090                . = ALIGN (0x4)

.bss            0x0000000020000090      0xcbc load address 0x000000000800d8c4
                0x0000000020000090                _sbss = .
                0x0000000020000090                __bss_start__ = _sbss
 *(.bss)
 .bss           0x0000000020000090       0x1c /home/user/st/stm32cubeide_1.5.0/plugins/com.st.stm32cube.ide.mcu.externaltools.gnu-tools-for-stm32.9-2020-q2-update.linux64_2.0.0.202105311346/tools/bin/../lib/gcc/arm-none-eabi/9.3.1/thumb/v7e-m+fp/hard/crtbegin.o
 *(.bss*)
 .bss.__sbrk_heap_end
                0x00000000200000ac        0x4 ./Core/Src/sysmem.o
 .bss.FatFs     0x00000000200000b0        0x4 ./Middlewares/Third_Party/FatFs/src/ff.o
 .bss.Fsid      0x00000000200000b4        0x2 ./Middlewares/Third_Party/FatFs/src/ff.o
 *fill*         0x00000000200000b6        0x2 
 .bss.Files     0x00000000200000b8       0x20 ./Middlewares/Third_Party/FatFs/src/ff.o
 .bss.disk      0x00000000200000d8        0xc ./Middlewares/Third_Party/FatFs/src/ff_gen_drv.o
                0x00000000200000d8                disk
 .bss.Appli_state
                0x00000000200000e4        0x1 ./USB_HOST/App/usb_host.o
                0x00000000200000e4                Appli_state
 *fill*         0x00000000200000e5        0x3 
 .bss.__malloc_free_list
                0x00000000200000e8        0x4 /home/user/st/stm32cubeide_1.5.0/plugins/com.st.stm32cube.ide.mcu.externaltools.gnu-tools-for-stm32.9-2020-q2-update.linux64_2.0.0.202105311346/tools/bin/../lib/gcc/arm-none-eabi/9.3.1/../../../../arm-none-eabi/lib/thumb/v7e-m+fp/hard/libc_nano.a(lib_a-nano-mallocr.o)
                0x00000000200000e8                __malloc_free_list
 .bss.__malloc_sbrk_start
                0x00000000200000ec        0x4 /home/user/st/stm32cubeide_1.5.0/plugins/com.st.stm32cube.ide.mcu.externaltools.gnu-tools-for-stm32.9-2020-q2-update.linux64_2.0.0.202105311346/tools/bin/../lib/gcc/arm-none-eabi/9.3.1/../../../../arm-none-eabi/lib/thumb/v7e-m+fp/hard/libc_nano.a(lib_a-nano-mallocr.o)
                0x00000000200000ec                __malloc_sbrk_start
 *(COMMON)
 COMMON         0x00000000200000f0       0x34 ./Core/Src/File_Handling.o
                0x00000000200000f0                fre_clust
                0x00000000200000f4                br
                0x00000000200000f8                pUSBHFatFS
                0x00000000200000fc                free_space
                0x0000000020000100                bw
                0x0000000020000104                fresult
                0x0000000020000108                USBHfno
                0x0000000020000120                total
 COMMON         0x0000000020000124       0x84 ./Core/Src/main.o
                0x0000000020000124                huart2
 COMMON         0x00000000200001a8       0x4c ./Core/Src/stm32l4xx_hal_timebase_tim.o
                0x00000000200001a8                htim1
 COMMON         0x00000000200001f4        0x4 ./Drivers/STM32L4xx_HAL_Driver/Src/stm32l4xx_hal.o
                0x00000000200001f4                uwTick
 COMMON         0x00000000200001f8      0x465 ./FATFS/App/fatfs.o
                0x00000000200001f8                USBHPath
                0x00000000200001fc                USBHFile
                0x000000002000042c                USBHFatFS
                0x000000002000065c                retUSBH
 *fill*         0x000000002000065d        0x3 
 COMMON         0x0000000020000660      0x3d8 ./USB_HOST/App/usb_host.o
                0x0000000020000660                hUsbHostFS
 COMMON         0x0000000020000a38      0x304 ./USB_HOST/Target/usbh_conf.o
                0x0000000020000a38                hhcd_USB_OTG_FS
 COMMON         0x0000000020000d3c        0x4 /home/user/st/stm32cubeide_1.5.0/plugins/com.st.stm32cube.ide.mcu.externaltools.gnu-tools-for-stm32.9-2020-q2-update.linux64_2.0.0.202105311346/tools/bin/../lib/gcc/arm-none-eabi/9.3.1/../../../../arm-none-eabi/lib/thumb/v7e-m+fp/hard/libc_nano.a(lib_a-reent.o)
                0x0000000020000d3c                errno
 COMMON         0x0000000020000d40        0x9 /home/user/st/stm32cubeide_1.5.0/plugins/com.st.stm32cube.ide.mcu.externaltools.gnu-tools-for-stm32.9-2020-q2-update.linux64_2.0.0.202105311346/tools/bin/../lib/gcc/arm-none-eabi/9.3.1/../../../../arm-none-eabi/lib/thumb/v7e-m+fp/hard/libc_nano.a(lib_a-lock.o)
                0x0000000020000d40                __lock___atexit_recursive_mutex
                0x0000000020000d41                __lock___arc4random_mutex
                0x0000000020000d42                __lock___env_recursive_mutex
                0x0000000020000d43                __lock___sinit_recursive_mutex
                0x0000000020000d44                __lock___malloc_recursive_mutex
                0x0000000020000d45                __lock___at_quick_exit_mutex
                0x0000000020000d46                __lock___dd_hash_mutex
                0x0000000020000d47                __lock___tz_mutex
                0x0000000020000d48                __lock___sfp_recursive_mutex
                0x0000000020000d4c                . = ALIGN (0x4)
 *fill*         0x0000000020000d49        0x3 
                0x0000000020000d4c                _ebss = .
                0x0000000020000d4c                __bss_end__ = _ebss

._user_heap_stack
                0x0000000020000d4c      0x604 load address 0x000000000800d8c4
                0x0000000020000d50                . = ALIGN (0x8)
 *fill*         0x0000000020000d4c        0x4 
                [!provide]                        PROVIDE (end = .)
                0x0000000020000d50                PROVIDE (_end = .)
                0x0000000020000f50                . = (. + _Min_Heap_Size)
 *fill*         0x0000000020000d50      0x200 
                0x0000000020001350                . = (. + _Min_Stack_Size)
 *fill*         0x0000000020000f50      0x400 
                0x0000000020001350                . = ALIGN (0x8)

/DISCARD/
 libc.a(*)
 libm.a(*)
 libgcc.a(*)

.ARM.attributes
                0x0000000000000000       0x30
 *(.ARM.attributes)
 .ARM.attributes
                0x0000000000000000       0x1e /home/user/st/stm32cubeide_1.5.0/plugins/com.st.stm32cube.ide.mcu.externaltools.gnu-tools-for-stm32.9-2020-q2-update.linux64_2.0.0.202105311346/tools/bin/../lib/gcc/arm-none-eabi/9.3.1/thumb/v7e-m+fp/hard/crti.o
 .ARM.attributes
                0x000000000000001e       0x34 /home/user/st/stm32cubeide_1.5.0/plugins/com.st.stm32cube.ide.mcu.externaltools.gnu-tools-for-stm32.9-2020-q2-update.linux64_2.0.0.202105311346/tools/bin/../lib/gcc/arm-none-eabi/9.3.1/thumb/v7e-m+fp/hard/crtbegin.o
 .ARM.attributes
                0x0000000000000052       0x34 ./Core/Src/File_Handling.o
 .ARM.attributes
                0x0000000000000086       0x34 ./Core/Src/main.o
 .ARM.attributes
                0x00000000000000ba       0x34 ./Core/Src/stm32l4xx_hal_msp.o
 .ARM.attributes
                0x00000000000000ee       0x34 ./Core/Src/stm32l4xx_hal_timebase_tim.o
 .ARM.attributes
                0x0000000000000122       0x34 ./Core/Src/stm32l4xx_it.o
 .ARM.attributes
                0x0000000000000156       0x34 ./Core/Src/sysmem.o
 .ARM.attributes
                0x000000000000018a       0x34 ./Core/Src/system_stm32l4xx.o
 .ARM.attributes
                0x00000000000001be       0x21 ./Core/Startup/startup_stm32l476vgtx.o
 .ARM.attributes
                0x00000000000001df       0x34 ./Drivers/STM32L4xx_HAL_Driver/Src/stm32l4xx_hal.o
 .ARM.attributes
                0x0000000000000213       0x34 ./Drivers/STM32L4xx_HAL_Driver/Src/stm32l4xx_hal_cortex.o
 .ARM.attributes
                0x0000000000000247       0x34 ./Drivers/STM32L4xx_HAL_Driver/Src/stm32l4xx_hal_gpio.o
 .ARM.attributes
                0x000000000000027b       0x34 ./Drivers/STM32L4xx_HAL_Driver/Src/stm32l4xx_hal_hcd.o
 .ARM.attributes
                0x00000000000002af       0x34 ./Drivers/STM32L4xx_HAL_Driver/Src/stm32l4xx_hal_pwr_ex.o
 .ARM.attributes
                0x00000000000002e3       0x34 ./Drivers/STM32L4xx_HAL_Driver/Src/stm32l4xx_hal_rcc.o
 .ARM.attributes
                0x0000000000000317       0x34 ./Drivers/STM32L4xx_HAL_Driver/Src/stm32l4xx_hal_rcc_ex.o
 .ARM.attributes
                0x000000000000034b       0x34 ./Drivers/STM32L4xx_HAL_Driver/Src/stm32l4xx_hal_tim.o
 .ARM.attributes
                0x000000000000037f       0x34 ./Drivers/STM32L4xx_HAL_Driver/Src/stm32l4xx_hal_tim_ex.o
 .ARM.attributes
                0x00000000000003b3       0x34 ./Drivers/STM32L4xx_HAL_Driver/Src/stm32l4xx_hal_uart.o
 .ARM.attributes
                0x00000000000003e7       0x34 ./Drivers/STM32L4xx_HAL_Driver/Src/stm32l4xx_ll_usb.o
 .ARM.attributes
                0x000000000000041b       0x34 ./FATFS/App/fatfs.o
 .ARM.attributes
                0x000000000000044f       0x34 ./FATFS/Target/usbh_diskio.o
 .ARM.attributes
                0x0000000000000483       0x34 ./Middlewares/ST/STM32_USB_Host_Library/Class/MSC/Src/usbh_msc.o
 .ARM.attributes
                0x00000000000004b7       0x34 ./Middlewares/ST/STM32_USB_Host_Library/Class/MSC/Src/usbh_msc_bot.o
 .ARM.attributes
                0x00000000000004eb       0x34 ./Middlewares/ST/STM32_USB_Host_Library/Class/MSC/Src/usbh_msc_scsi.o
 .ARM.attributes
                0x000000000000051f       0x34 ./Middlewares/ST/STM32_USB_Host_Library/Core/Src/usbh_core.o
 .ARM.attributes
                0x0000000000000553       0x34 ./Middlewares/ST/STM32_USB_Host_Library/Core/Src/usbh_ctlreq.o
 .ARM.attributes
                0x0000000000000587       0x34 ./Middlewares/ST/STM32_USB_Host_Library/Core/Src/usbh_ioreq.o
 .ARM.attributes
                0x00000000000005bb       0x34 ./Middlewares/ST/STM32_USB_Host_Library/Core/Src/usbh_pipes.o
 .ARM.attributes
                0x00000000000005ef       0x34 ./Middlewares/Third_Party/FatFs/src/diskio.o
 .ARM.attributes
                0x0000000000000623       0x34 ./Middlewares/Third_Party/FatFs/src/ff.o
 .ARM.attributes
                0x0000000000000657       0x34 ./Middlewares/Third_Party/FatFs/src/ff_gen_drv.o
 .ARM.attributes
                0x000000000000068b       0x34 ./USB_HOST/App/usb_host.o
 .ARM.attributes
                0x00000000000006bf       0x34 ./USB_HOST/Target/usbh_conf.o
 .ARM.attributes
                0x00000000000006f3       0x34 ./USB_HOST/Target/usbh_platform.o
 .ARM.attributes
                0x0000000000000727       0x34 /home/user/st/stm32cubeide_1.5.0/plugins/com.st.stm32cube.ide.mcu.externaltools.gnu-tools-for-stm32.9-2020-q2-update.linux64_2.0.0.202105311346/tools/bin/../lib/gcc/arm-none-eabi/9.3.1/../../../../arm-none-eabi/lib/thumb/v7e-m+fp/hard/libc_nano.a(lib_a-errno.o)
 .ARM.attributes
                0x000000000000075b       0x32 /home/user/st/stm32cubeide_1.5.0/plugins/com.st.stm32cube.ide.mcu.externaltools.gnu-tools-for-stm32.9-2020-q2-update.linux64_2.0.0.202105311346/tools/bin/../lib/gcc/arm-none-eabi/9.3.1/../../../../arm-none-eabi/lib/thumb/v7e-m+fp/hard/libc_nano.a(lib_a-impure.o)
 .ARM.attributes
                0x000000000000078d       0x34 /home/user/st/stm32cubeide_1.5.0/plugins/com.st.stm32cube.ide.mcu.externaltools.gnu-tools-for-stm32.9-2020-q2-update.linux64_2.0.0.202105311346/tools/bin/../lib/gcc/arm-none-eabi/9.3.1/../../../../arm-none-eabi/lib/thumb/v7e-m+fp/hard/libc_nano.a(lib_a-init.o)
 .ARM.attributes
                0x00000000000007c1       0x34 /home/user/st/stm32cubeide_1.5.0/plugins/com.st.stm32cube.ide.mcu.externaltools.gnu-tools-for-stm32.9-2020-q2-update.linux64_2.0.0.202105311346/tools/bin/../lib/gcc/arm-none-eabi/9.3.1/../../../../arm-none-eabi/lib/thumb/v7e-m+fp/hard/libc_nano.a(lib_a-malloc.o)
 .ARM.attributes
                0x00000000000007f5       0x34 /home/user/st/stm32cubeide_1.5.0/plugins/com.st.stm32cube.ide.mcu.externaltools.gnu-tools-for-stm32.9-2020-q2-update.linux64_2.0.0.202105311346/tools/bin/../lib/gcc/arm-none-eabi/9.3.1/../../../../arm-none-eabi/lib/thumb/v7e-m+fp/hard/libc_nano.a(lib_a-memcpy-stub.o)
 .ARM.attributes
                0x0000000000000829       0x34 /home/user/st/stm32cubeide_1.5.0/plugins/com.st.stm32cube.ide.mcu.externaltools.gnu-tools-for-stm32.9-2020-q2-update.linux64_2.0.0.202105311346/tools/bin/../lib/gcc/arm-none-eabi/9.3.1/../../../../arm-none-eabi/lib/thumb/v7e-m+fp/hard/libc_nano.a(lib_a-memset.o)
 .ARM.attributes
                0x000000000000085d       0x34 /home/user/st/stm32cubeide_1.5.0/plugins/com.st.stm32cube.ide.mcu.externaltools.gnu-tools-for-stm32.9-2020-q2-update.linux64_2.0.0.202105311346/tools/bin/../lib/gcc/arm-none-eabi/9.3.1/../../../../arm-none-eabi/lib/thumb/v7e-m+fp/hard/libc_nano.a(lib_a-nano-freer.o)
 .ARM.attributes
                0x0000000000000891       0x34 /home/user/st/stm32cubeide_1.5.0/plugins/com.st.stm32cube.ide.mcu.externaltools.gnu-tools-for-stm32.9-2020-q2-update.linux64_2.0.0.202105311346/tools/bin/../lib/gcc/arm-none-eabi/9.3.1/../../../../arm-none-eabi/lib/thumb/v7e-m+fp/hard/libc_nano.a(lib_a-nano-mallocr.o)
 .ARM.attributes
                0x00000000000008c5       0x34 /home/user/st/stm32cubeide_1.5.0/plugins/com.st.stm32cube.ide.mcu.externaltools.gnu-tools-for-stm32.9-2020-q2-update.linux64_2.0.0.202105311346/tools/bin/../lib/gcc/arm-none-eabi/9.3.1/../../../../arm-none-eabi/lib/thumb/v7e-m+fp/hard/libc_nano.a(lib_a-sbrkr.o)
 .ARM.attributes
                0x00000000000008f9       0x34 /home/user/st/stm32cubeide_1.5.0/plugins/com.st.stm32cube.ide.mcu.externaltools.gnu-tools-for-stm32.9-2020-q2-update.linux64_2.0.0.202105311346/tools/bin/../lib/gcc/arm-none-eabi/9.3.1/../../../../arm-none-eabi/lib/thumb/v7e-m+fp/hard/libc_nano.a(lib_a-sprintf.o)
 .ARM.attributes
                0x000000000000092d       0x17 /home/user/st/stm32cubeide_1.5.0/plugins/com.st.stm32cube.ide.mcu.externaltools.gnu-tools-for-stm32.9-2020-q2-update.linux64_2.0.0.202105311346/tools/bin/../lib/gcc/arm-none-eabi/9.3.1/../../../../arm-none-eabi/lib/thumb/v7e-m+fp/hard/libc_nano.a(lib_a-strlen.o)
 .ARM.attributes
                0x0000000000000944       0x34 /home/user/st/stm32cubeide_1.5.0/plugins/com.st.stm32cube.ide.mcu.externaltools.gnu-tools-for-stm32.9-2020-q2-update.linux64_2.0.0.202105311346/tools/bin/../lib/gcc/arm-none-eabi/9.3.1/../../../../arm-none-eabi/lib/thumb/v7e-m+fp/hard/libc_nano.a(lib_a-mlock.o)
 .ARM.attributes
                0x0000000000000978       0x34 /home/user/st/stm32cubeide_1.5.0/plugins/com.st.stm32cube.ide.mcu.externaltools.gnu-tools-for-stm32.9-2020-q2-update.linux64_2.0.0.202105311346/tools/bin/../lib/gcc/arm-none-eabi/9.3.1/../../../../arm-none-eabi/lib/thumb/v7e-m+fp/hard/libc_nano.a(lib_a-nano-svfprintf.o)
 .ARM.attributes
                0x00000000000009ac       0x34 /home/user/st/stm32cubeide_1.5.0/plugins/com.st.stm32cube.ide.mcu.externaltools.gnu-tools-for-stm32.9-2020-q2-update.linux64_2.0.0.202105311346/tools/bin/../lib/gcc/arm-none-eabi/9.3.1/../../../../arm-none-eabi/lib/thumb/v7e-m+fp/hard/libc_nano.a(lib_a-nano-vfprintf_i.o)
 .ARM.attributes
                0x00000000000009e0       0x34 /home/user/st/stm32cubeide_1.5.0/plugins/com.st.stm32cube.ide.mcu.externaltools.gnu-tools-for-stm32.9-2020-q2-update.linux64_2.0.0.202105311346/tools/bin/../lib/gcc/arm-none-eabi/9.3.1/../../../../arm-none-eabi/lib/thumb/v7e-m+fp/hard/libc_nano.a(lib_a-reent.o)
 .ARM.attributes
                0x0000000000000a14       0x34 /home/user/st/stm32cubeide_1.5.0/plugins/com.st.stm32cube.ide.mcu.externaltools.gnu-tools-for-stm32.9-2020-q2-update.linux64_2.0.0.202105311346/tools/bin/../lib/gcc/arm-none-eabi/9.3.1/../../../../arm-none-eabi/lib/thumb/v7e-m+fp/hard/libc_nano.a(lib_a-lock.o)
 .ARM.attributes
                0x0000000000000a48       0x1c /home/user/st/stm32cubeide_1.5.0/plugins/com.st.stm32cube.ide.mcu.externaltools.gnu-tools-for-stm32.9-2020-q2-update.linux64_2.0.0.202105311346/tools/bin/../lib/gcc/arm-none-eabi/9.3.1/../../../../arm-none-eabi/lib/thumb/v7e-m+fp/hard/libc_nano.a(lib_a-memchr.o)
 .ARM.attributes